Archive member included to satisfy reference by file (symbol)

/home/sam/Ac6/SystemWorkbench/plugins/fr.ac6.mcu.externaltools.arm-none.linux64_1.17.0.201812190825/tools/compiler/bin/../lib/gcc/arm-none-eabi/7.3.1/thumb/v6-m/libgcc.a(_thumb1_case_uqi.o)
                              Core/app/new_lib/systimer.o (__gnu_thumb1_case_uqi)
/home/sam/Ac6/SystemWorkbench/plugins/fr.ac6.mcu.externaltools.arm-none.linux64_1.17.0.201812190825/tools/compiler/bin/../lib/gcc/arm-none-eabi/7.3.1/thumb/v6-m/libgcc.a(_udivsi3.o)
                              Core/Src/system_stm32f0xx.o (__aeabi_uidiv)
/home/sam/Ac6/SystemWorkbench/plugins/fr.ac6.mcu.externaltools.arm-none.linux64_1.17.0.201812190825/tools/compiler/bin/../lib/gcc/arm-none-eabi/7.3.1/thumb/v6-m/libgcc.a(_divsi3.o)
                              Core/Src/system_stm32f0xx.o (__aeabi_idiv)
/home/sam/Ac6/SystemWorkbench/plugins/fr.ac6.mcu.externaltools.arm-none.linux64_1.17.0.201812190825/tools/compiler/bin/../lib/gcc/arm-none-eabi/7.3.1/thumb/v6-m/libgcc.a(_dvmd_tls.o)
                              /home/sam/Ac6/SystemWorkbench/plugins/fr.ac6.mcu.externaltools.arm-none.linux64_1.17.0.201812190825/tools/compiler/bin/../lib/gcc/arm-none-eabi/7.3.1/thumb/v6-m/libgcc.a(_udivsi3.o) (__aeabi_idiv0)
/home/sam/Ac6/SystemWorkbench/plugins/fr.ac6.mcu.externaltools.arm-none.linux64_1.17.0.201812190825/tools/compiler/bin/../lib/gcc/arm-none-eabi/7.3.1/thumb/v6-m/libgcc.a(_lshrdi3.o)
                              Drivers/STM32F0xx_HAL_Driver/Src/stm32f0xx_hal_flash.o (__aeabi_llsr)
/home/sam/Ac6/SystemWorkbench/plugins/fr.ac6.mcu.externaltools.arm-none.linux64_1.17.0.201812190825/tools/compiler/bin/../lib/gcc/arm-none-eabi/7.3.1/../../../../arm-none-eabi/lib/thumb/v6-m/libc_nano.a(lib_a-errno.o)
                              Core/Src/syscalls.o (__errno)
/home/sam/Ac6/SystemWorkbench/plugins/fr.ac6.mcu.externaltools.arm-none.linux64_1.17.0.201812190825/tools/compiler/bin/../lib/gcc/arm-none-eabi/7.3.1/../../../../arm-none-eabi/lib/thumb/v6-m/libc_nano.a(lib_a-exit.o)
                              /home/sam/Ac6/SystemWorkbench/plugins/fr.ac6.mcu.externaltools.arm-none.linux64_1.17.0.201812190825/tools/compiler/bin/../lib/gcc/arm-none-eabi/7.3.1/../../../../arm-none-eabi/lib/thumb/v6-m/crt0.o (exit)
/home/sam/Ac6/SystemWorkbench/plugins/fr.ac6.mcu.externaltools.arm-none.linux64_1.17.0.201812190825/tools/compiler/bin/../lib/gcc/arm-none-eabi/7.3.1/../../../../arm-none-eabi/lib/thumb/v6-m/libc_nano.a(lib_a-impure.o)
                              /home/sam/Ac6/SystemWorkbench/plugins/fr.ac6.mcu.externaltools.arm-none.linux64_1.17.0.201812190825/tools/compiler/bin/../lib/gcc/arm-none-eabi/7.3.1/../../../../arm-none-eabi/lib/thumb/v6-m/libc_nano.a(lib_a-exit.o) (_global_impure_ptr)
/home/sam/Ac6/SystemWorkbench/plugins/fr.ac6.mcu.externaltools.arm-none.linux64_1.17.0.201812190825/tools/compiler/bin/../lib/gcc/arm-none-eabi/7.3.1/../../../../arm-none-eabi/lib/thumb/v6-m/libc_nano.a(lib_a-init.o)
                              /home/sam/Ac6/SystemWorkbench/plugins/fr.ac6.mcu.externaltools.arm-none.linux64_1.17.0.201812190825/tools/compiler/bin/../lib/gcc/arm-none-eabi/7.3.1/../../../../arm-none-eabi/lib/thumb/v6-m/crt0.o (__libc_init_array)
/home/sam/Ac6/SystemWorkbench/plugins/fr.ac6.mcu.externaltools.arm-none.linux64_1.17.0.201812190825/tools/compiler/bin/../lib/gcc/arm-none-eabi/7.3.1/../../../../arm-none-eabi/lib/thumb/v6-m/libc_nano.a(lib_a-malloc.o)
                              Core/app/app.o (malloc)
/home/sam/Ac6/SystemWorkbench/plugins/fr.ac6.mcu.externaltools.arm-none.linux64_1.17.0.201812190825/tools/compiler/bin/../lib/gcc/arm-none-eabi/7.3.1/../../../../arm-none-eabi/lib/thumb/v6-m/libc_nano.a(lib_a-memcpy-stub.o)
                              Core/app/glcd/glcd.o (memcpy)
/home/sam/Ac6/SystemWorkbench/plugins/fr.ac6.mcu.externaltools.arm-none.linux64_1.17.0.201812190825/tools/compiler/bin/../lib/gcc/arm-none-eabi/7.3.1/../../../../arm-none-eabi/lib/thumb/v6-m/libc_nano.a(lib_a-memset.o)
                              /home/sam/Ac6/SystemWorkbench/plugins/fr.ac6.mcu.externaltools.arm-none.linux64_1.17.0.201812190825/tools/compiler/bin/../lib/gcc/arm-none-eabi/7.3.1/../../../../arm-none-eabi/lib/thumb/v6-m/crt0.o (memset)
/home/sam/Ac6/SystemWorkbench/plugins/fr.ac6.mcu.externaltools.arm-none.linux64_1.17.0.201812190825/tools/compiler/bin/../lib/gcc/arm-none-eabi/7.3.1/../../../../arm-none-eabi/lib/thumb/v6-m/libc_nano.a(lib_a-nano-freer.o)
                              /home/sam/Ac6/SystemWorkbench/plugins/fr.ac6.mcu.externaltools.arm-none.linux64_1.17.0.201812190825/tools/compiler/bin/../lib/gcc/arm-none-eabi/7.3.1/../../../../arm-none-eabi/lib/thumb/v6-m/libc_nano.a(lib_a-malloc.o) (_free_r)
/home/sam/Ac6/SystemWorkbench/plugins/fr.ac6.mcu.externaltools.arm-none.linux64_1.17.0.201812190825/tools/compiler/bin/../lib/gcc/arm-none-eabi/7.3.1/../../../../arm-none-eabi/lib/thumb/v6-m/libc_nano.a(lib_a-nano-mallocr.o)
[...]
Memory Configuration

Name             Origin             Length             Attributes
RAM              0x0000000020000000 0x0000000000001000 xrw
FLASH            0x0000000008000000 0x0000000000008000 xr
*default*        0x0000000000000000 0xffffffffffffffff

Linker script and memory map

LOAD /home/sam/Ac6/SystemWorkbench/plugins/fr.ac6.mcu.externaltools.arm-none.linux64_1.17.0.201812190825/tools/compiler/bin/../lib/gcc/arm-none-eabi/7.3.1/thumb/v6-m/crti.o
LOAD /home/sam/Ac6/SystemWorkbench/plugins/fr.ac6.mcu.externaltools.arm-none.linux64_1.17.0.201812190825/tools/compiler/bin/../lib/gcc/arm-none-eabi/7.3.1/thumb/v6-m/crtbegin.o
LOAD /home/sam/Ac6/SystemWorkbench/plugins/fr.ac6.mcu.externaltools.arm-none.linux64_1.17.0.201812190825/tools/compiler/bin/../lib/gcc/arm-none-eabi/7.3.1/../../../../arm-none-eabi/lib/thumb/v6-m/crt0.o
LOAD Core/Src/adc.o
LOAD Core/Src/dma.o
LOAD Core/Src/gpio.o
LOAD Core/Src/i2c.o
LOAD Core/Src/iwdg.o
LOAD Core/Src/main.o
LOAD Core/Src/stm32f0xx_hal_msp.o
LOAD Core/Src/stm32f0xx_it.o
LOAD Core/Src/syscalls.o
LOAD Core/Src/system_stm32f0xx.o
LOAD Core/Src/tim.o
LOAD Core/app/app.o
LOAD Core/app/app_test.o
LOAD Core/app/fsm_funcs.o
LOAD Core/app/aux/eep.o
LOAD Core/app/aux/eep_helper.o
LOAD Core/app/aux/fv1.o
LOAD Core/app/aux/hc595.o
LOAD Core/app/effect/efx.o
LOAD Core/app/effect/efx_base.o
LOAD Core/app/event/btn.o
LOAD Core/app/event/enc.o
LOAD Core/app/event/event.o
LOAD Core/app/event/vol.o
LOAD Core/app/glcd/ST7565R.o
LOAD Core/app/glcd/glcd.o
LOAD Core/app/glcd/glcd_graphics.o
LOAD Core/app/glcd/glcd_graphs.o
LOAD Core/app/glcd/glcd_text.o
LOAD Core/app/glcd/unit_tests.o
LOAD Core/app/glcd/fonts/fonts.o
LOAD Core/app/new_lib/systimer.o
LOAD Drivers/STM32F0xx_HAL_Driver/Src/stm32f0xx_hal.o
LOAD Drivers/STM32F0xx_HAL_Driver/Src/stm32f0xx_hal_adc.o
LOAD Drivers/STM32F0xx_HAL_Driver/Src/stm32f0xx_hal_adc_ex.o
LOAD Drivers/STM32F0xx_HAL_Driver/Src/stm32f0xx_hal_cortex.o
LOAD Drivers/STM32F0xx_HAL_Driver/Src/stm32f0xx_hal_dma.o
LOAD Drivers/STM32F0xx_HAL_Driver/Src/stm32f0xx_hal_flash.o
LOAD Drivers/STM32F0xx_HAL_Driver/Src/stm32f0xx_hal_flash_ex.o
LOAD Drivers/STM32F0xx_HAL_Driver/Src/stm32f0xx_hal_gpio.o
LOAD Drivers/STM32F0xx_HAL_Driver/Src/stm32f0xx_hal_i2c.o
LOAD Drivers/STM32F0xx_HAL_Driver/Src/stm32f0xx_hal_i2c_ex.o
LOAD Drivers/STM32F0xx_HAL_Driver/Src/stm32f0xx_hal_iwdg.o
LOAD Drivers/STM32F0xx_HAL_Driver/Src/stm32f0xx_hal_pwr.o
LOAD Drivers/STM32F0xx_HAL_Driver/Src/stm32f0xx_hal_pwr_ex.o
LOAD Drivers/STM32F0xx_HAL_Driver/Src/stm32f0xx_hal_rcc.o
LOAD Drivers/STM32F0xx_HAL_Driver/Src/stm32f0xx_hal_rcc_ex.o
LOAD Drivers/STM32F0xx_HAL_Driver/Src/stm32f0xx_hal_tim.o
LOAD Drivers/STM32F0xx_HAL_Driver/Src/stm32f0xx_hal_tim_ex.o
LOAD startup/startup_stm32f030x6.o
LOAD /home/sam/Ac6/SystemWorkbench/plugins/fr.ac6.mcu.externaltools.arm-none.linux64_1.17.0.201812190825/tools/compiler/bin/../lib/gcc/arm-none-eabi/7.3.1/../../../../arm-none-eabi/lib/thumb/v6-m/libm.a
START GROUP
LOAD /home/sam/Ac6/SystemWorkbench/plugins/fr.ac6.mcu.externaltools.arm-none.linux64_1.17.0.201812190825/tools/compiler/bin/../lib/gcc/arm-none-eabi/7.3.1/thumb/v6-m/libgcc.a
LOAD /home/sam/Ac6/SystemWorkbench/plugins/fr.ac6.mcu.externaltools.arm-none.linux64_1.17.0.201812190825/tools/compiler/bin/../lib/gcc/arm-none-eabi/7.3.1/../../../../arm-none-eabi/lib/thumb/v6-m/libc_nano.a
END GROUP
START GROUP
LOAD /home/sam/Ac6/SystemWorkbench/plugins/fr.ac6.mcu.externaltools.arm-none.linux64_1.17.0.201812190825/tools/compiler/bin/../lib/gcc/arm-none-eabi/7.3.1/thumb/v6-m/libgcc.a
LOAD /home/sam/Ac6/SystemWorkbench/plugins/fr.ac6.mcu.externaltools.arm-none.linux64_1.17.0.201812190825/tools/compiler/bin/../lib/gcc/arm-none-eabi/7.3.1/../../../../arm-none-eabi/lib/thumb/v6-m/libc_nano.a
LOAD /home/sam/Ac6/SystemWorkbench/plugins/fr.ac6.mcu.externaltools.arm-none.linux64_1.17.0.201812190825/tools/compiler/bin/../lib/gcc/arm-none-eabi/7.3.1/../../../../arm-none-eabi/lib/thumb/v6-m/libnosys.a
END GROUP
START GROUP
LOAD /home/sam/Ac6/SystemWorkbench/plugins/fr.ac6.mcu.externaltools.arm-none.linux64_1.17.0.201812190825/tools/compiler/bin/../lib/gcc/arm-none-eabi/7.3.1/thumb/v6-m/libgcc.a
LOAD /home/sam/Ac6/SystemWorkbench/plugins/fr.ac6.mcu.externaltools.arm-none.linux64_1.17.0.201812190825/tools/compiler/bin/../lib/gcc/arm-none-eabi/7.3.1/../../../../arm-none-eabi/lib/thumb/v6-m/libc_nano.a
LOAD /home/sam/Ac6/SystemWorkbench/plugins/fr.ac6.mcu.externaltools.arm-none.linux64_1.17.0.201812190825/tools/compiler/bin/../lib/gcc/arm-none-eabi/7.3.1/../../../../arm-none-eabi/lib/thumb/v6-m/libnosys.a
END GROUP
LOAD /home/sam/Ac6/SystemWorkbench/plugins/fr.ac6.mcu.externaltools.arm-none.linux64_1.17.0.201812190825/tools/compiler/bin/../lib/gcc/arm-none-eabi/7.3.1/thumb/v6-m/crtend.o
LOAD /home/sam/Ac6/SystemWorkbench/plugins/fr.ac6.mcu.externaltools.arm-none.linux64_1.17.0.201812190825/tools/compiler/bin/../lib/gcc/arm-none-eabi/7.3.1/thumb/v6-m/crtn.o
                0x0000000020001000                _estack = 0x20001000
                0x0000000000000001                _Min_Heap_Size = 0x1
                0x0000000000000001                _Min_Stack_Size = 0x1

.isr_vector     0x0000000008000000       0xc0
                0x0000000008000000                . = ALIGN (0x4)
 *(.isr_vector)
 .isr_vector    0x0000000008000000       0xc0 startup/startup_stm32f030x6.o
                0x0000000008000000                g_pfnVectors
                0x00000000080000c0                . = ALIGN (0x4)

.text           0x00000000080000c0     0x40dc
                0x00000000080000c0                . = ALIGN (0x4)
 *(.text)
 .text          0x00000000080000c0       0x48 /home/sam/Ac6/SystemWorkbench/plugins/fr.ac6.mcu.externaltools.arm-none.linux64_1.17.0.201812190825/tools/compiler/bin/../lib/gcc/arm-none-eabi/7.3.1/thumb/v6-m/crtbegin.o
 .text          0x0000000008000108       0x14 /home/sam/Ac6/SystemWorkbench/plugins/fr.ac6.mcu.externaltools.arm-none.linux64_1.17.0.201812190825/tools/compiler/bin/../lib/gcc/arm-none-eabi/7.3.1/thumb/v6-m/libgcc.a(_thumb1_case_uqi.o)
                0x0000000008000108                __gnu_thumb1_case_uqi
 .text          0x000000000800011c      0x114 /home/sam/Ac6/SystemWorkbench/plugins/fr.ac6.mcu.externaltools.arm-none.linux64_1.17.0.201812190825/tools/compiler/bin/../lib/gcc/arm-none-eabi/7.3.1/thumb/v6-m/libgcc.a(_udivsi3.o)
                0x000000000800011c                __udivsi3
                0x000000000800011c                __aeabi_uidiv
                0x0000000008000228                __aeabi_uidivmod
 .text          0x0000000008000230        0x4 /home/sam/Ac6/SystemWorkbench/plugins/fr.ac6.mcu.externaltools.arm-none.linux64_1.17.0.201812190825/tools/compiler/bin/../lib/gcc/arm-none-eabi/7.3.1/thumb/v6-m/libgcc.a(_dvmd_tls.o)
                0x0000000008000230                __aeabi_ldiv0
                0x0000000008000230                __aeabi_idiv0
 *(.text*)
 .text.MX_ADC_Init
                0x0000000008000234       0xb0 Core/Src/adc.o
                0x0000000008000234                MX_ADC_Init
 .text.HAL_ADC_MspInit
                0x00000000080002e4       0x94 Core/Src/adc.o
                0x00000000080002e4                HAL_ADC_MspInit
 .text.MX_DMA_Init
                0x0000000008000378       0x2c Core/Src/dma.o
                0x0000000008000378                MX_DMA_Init
 .text.MX_GPIO_Init
                0x00000000080003a4       0x94 Core/Src/gpio.o
                0x00000000080003a4                MX_GPIO_Init
 .text.MX_I2C1_Init
                0x0000000008000438       0x5c Core/Src/i2c.o
                0x0000000008000438                MX_I2C1_Init
 .text.HAL_I2C_MspInit
                0x0000000008000494       0x78 Core/Src/i2c.o
                0x0000000008000494                HAL_I2C_MspInit
 .text.MX_IWDG_Init
                0x000000000800050c       0x2c Core/Src/iwdg.o
                0x000000000800050c                MX_IWDG_Init
 .text.HAL_TIM_PeriodElapsedCallback
                0x0000000008000538       0x1c Core/Src/main.o
                0x0000000008000538                HAL_TIM_PeriodElapsedCallback
 .text.SystemClock_Config
                0x0000000008000554       0x76 Core/Src/main.o
                0x0000000008000554                SystemClock_Config
 *fill*         0x00000000080005ca        0x2 
 .text.startup.main
                0x00000000080005cc       0x40 Core/Src/main.o
                0x00000000080005cc                main
 .text.Error_Handler
                0x000000000800060c        0x2 Core/Src/main.o
                0x000000000800060c                Error_Handler
 *fill*         0x000000000800060e        0x2 
 .text.HAL_MspInit
                0x0000000008000610       0x30 Core/Src/stm32f0xx_hal_msp.o
                0x0000000008000610                HAL_MspInit
 .text.NMI_Handler
                0x0000000008000640        0x2 Core/Src/stm32f0xx_it.o
                0x0000000008000640                NMI_Handler
 .text.HardFault_Handler
                0x0000000008000642        0x2 Core/Src/stm32f0xx_it.o
                0x0000000008000642                HardFault_Handler
 .text.SVC_Handler
                0x0000000008000644        0x2 Core/Src/stm32f0xx_it.o
                0x0000000008000644                SVC_Handler
 .text.PendSV_Handler
                0x0000000008000646        0x2 Core/Src/stm32f0xx_it.o
                0x0000000008000646                PendSV_Handler
 .text.SysTick_Handler
                0x0000000008000648        0x8 Core/Src/stm32f0xx_it.o
                0x0000000008000648                SysTick_Handler
 .text.DMA1_Channel1_IRQHandler
                0x0000000008000650       0x10 Core/Src/stm32f0xx_it.o
                0x0000000008000650                DMA1_Channel1_IRQHandler
 .text.TIM14_IRQHandler
                0x0000000008000660       0x10 Core/Src/stm32f0xx_it.o
                0x0000000008000660                TIM14_IRQHandler
 .text._sbrk    0x0000000008000670       0x34 Core/Src/syscalls.o
                0x0000000008000670                _sbrk
 .text.SystemInit
                0x00000000080006a4       0x60 Core/Src/system_stm32f0xx.o
                0x00000000080006a4                SystemInit
 .text.MX_TIM1_Init
                0x0000000008000704       0x78 Core/Src/tim.o
                0x0000000008000704                MX_TIM1_Init
 .text.MX_TIM14_Init
                0x000000000800077c       0x34 Core/Src/tim.o
                0x000000000800077c                MX_TIM14_Init
 .text.HAL_TIM_Encoder_MspInit
                0x00000000080007b0       0x60 Core/Src/tim.o
                0x00000000080007b0                HAL_TIM_Encoder_MspInit
 .text.HAL_TIM_PWM_MspInit
                0x0000000008000810       0x88 Core/Src/tim.o
                0x0000000008000810                HAL_TIM_PWM_MspInit
 .text.HAL_TIM_Base_MspInit
                0x0000000008000898       0x38 Core/Src/tim.o
                0x0000000008000898                HAL_TIM_Base_MspInit
 .text.HAL_TIM_MspPostInit
                0x00000000080008d0       0x7c Core/Src/tim.o
                0x00000000080008d0                HAL_TIM_MspPostInit
 .text.MX_TIM3_Init
                0x000000000800094c       0xc8 Core/Src/tim.o
                0x000000000800094c                MX_TIM3_Init
 .text.App_Init
                0x0000000008000a14       0x8c Core/app/app.o
                0x0000000008000a14                App_Init
 .text.APP_Exec
                0x0000000008000aa0       0x34 Core/app/app.o
                0x0000000008000aa0                APP_Exec
 .text.Helper_Print_EFX_Name
                0x0000000008000ad4       0x2c Core/app/fsm_funcs.o
                0x0000000008000ad4                Helper_Print_EFX_Name
 .text.Helper_Print_EFX_Number
                0x0000000008000b00       0x2c Core/app/fsm_funcs.o
                0x0000000008000b00                Helper_Print_EFX_Number
 .text.Helper_Print_EFX_Vol
                0x0000000008000b2c       0x24 Core/app/fsm_funcs.o
                0x0000000008000b2c                Helper_Print_EFX_Vol
 .text.fp_S1_All
                0x0000000008000b50       0xc0 Core/app/fsm_funcs.o
                0x0000000008000b50                fp_S1_All
 .text.fp_S2_Not
                0x0000000008000c10       0xb0 Core/app/fsm_funcs.o
                0x0000000008000c10                fp_S2_Not
 .text.fp_S2_Btn
                0x0000000008000cc0      0x110 Core/app/fsm_funcs.o
                0x0000000008000cc0                fp_S2_Btn
 .text.fp_S2_Enc
                0x0000000008000dd0       0x2c Core/app/fsm_funcs.o
                0x0000000008000dd0                fp_S2_Enc
 .text.fp_S3_Not
                0x0000000008000dfc       0xf4 Core/app/fsm_funcs.o
                0x0000000008000dfc                fp_S3_Not
 .text.fp_S3_Btn
                0x0000000008000ef0       0x24 Core/app/fsm_funcs.o
                0x0000000008000ef0                fp_S3_Btn
 .text.fp_S3_Enc
                0x0000000008000f14       0x24 Core/app/fsm_funcs.o
                0x0000000008000f14                fp_S3_Enc
 .text.Helper_Service_Menu
                0x0000000008000f38      0x1ec Core/app/fsm_funcs.o
                0x0000000008000f38                Helper_Service_Menu
 .text.EEPROM24XX_Save
                0x0000000008001124       0x44 Core/app/aux/eep.o
                0x0000000008001124                EEPROM24XX_Save
 .text.EEPROM24XX_Load
                0x0000000008001168       0x34 Core/app/aux/eep.o
                0x0000000008001168                EEPROM24XX_Load
 .text.Helper_Svae_Efx_EEP
                0x000000000800119c       0x3a Core/app/aux/eep_helper.o
                0x000000000800119c                Helper_Svae_Efx_EEP
 .text.Helper_Save_Last_Efx_EEP
                0x00000000080011d6       0x12 Core/app/aux/eep_helper.o
                0x00000000080011d6                Helper_Save_Last_Efx_EEP
 .text.Helper_Load_Last_Efx_EEP
                0x00000000080011e8       0x12 Core/app/aux/eep_helper.o
                0x00000000080011e8                Helper_Load_Last_Efx_EEP
 .text.Helper_Load_Efx_EEP
                0x00000000080011fa       0x58 Core/app/aux/eep_helper.o
                0x00000000080011fa                Helper_Load_Efx_EEP
 .text.Helper_Erase_EEP
                0x0000000008001252       0x24 Core/app/aux/eep_helper.o
                0x0000000008001252                Helper_Erase_EEP
 .text.HC595_SendByte
                0x0000000008001276       0x58 Core/app/aux/hc595.o
                0x0000000008001276                HC595_SendByte
 *fill*         0x00000000080012ce        0x2 
 .text.Effect_List_Add_Element
                0x00000000080012d0       0x50 Core/app/effect/efx.o
                0x00000000080012d0                Effect_List_Add_Element
 .text.Effect_List_Init
                0x0000000008001320       0x44 Core/app/effect/efx.o
                0x0000000008001320                Effect_List_Init
 .text.Effect_List_Modify_Vol_Element
                0x0000000008001364       0x88 Core/app/effect/efx.o
                0x0000000008001364                Effect_List_Modify_Vol_Element
 .text.Effect_List_Get_EFX_Element
                0x00000000080013ec       0x40 Core/app/effect/efx.o
                0x00000000080013ec                Effect_List_Get_EFX_Element
 .text.Efx_Get_Base
                0x000000000800142c        0xc Core/app/effect/efx_base.o
                0x000000000800142c                Efx_Get_Base
 .text.Btn_Hadle_State_Released
                0x0000000008001438       0x1c Core/app/event/btn.o
 .text.Btn_Hadle_State_Pressed
                0x0000000008001454       0x3c Core/app/event/btn.o
 .text.Btn_Hadle_State_Start
                0x0000000008001490       0x2c Core/app/event/btn.o
 .text.Btn_Event_Init
                0x00000000080014bc       0x24 Core/app/event/btn.o
                0x00000000080014bc                Btn_Event_Init
 .text.Btn_Event_Handle
                0x00000000080014e0       0x18 Core/app/event/btn.o
                0x00000000080014e0                Btn_Event_Handle
 .text.Enc_Event_Handle
                0x00000000080014f8       0x20 Core/app/event/enc.o
                0x00000000080014f8                Enc_Event_Handle
 .text.Enc_Event_Set_val
                0x0000000008001518       0x14 Core/app/event/enc.o
                0x0000000008001518                Enc_Event_Set_val
 .text.Enc_Event_Init
                0x000000000800152c       0x18 Core/app/event/enc.o
                0x000000000800152c                Enc_Event_Init
 .text.Event_Init
                0x0000000008001544       0x1a Core/app/event/event.o
                0x0000000008001544                Event_Init
 .text.Event_Handle
                0x000000000800155e       0x40 Core/app/event/event.o
                0x000000000800155e                Event_Handle
 *fill*         0x000000000800159e        0x2 
 .text.Vol_Event_Init
                0x00000000080015a0       0x14 Core/app/event/vol.o
                0x00000000080015a0                Vol_Event_Init
 .text.Vol_Event_Handle
                0x00000000080015b4       0x7e Core/app/event/vol.o
                0x00000000080015b4                Vol_Event_Handle
 .text.Vol_Event_Reset_Vols
                0x0000000008001632       0x12 Core/app/event/vol.o
                0x0000000008001632                Vol_Event_Reset_Vols
 .text.glcd_spi_write
                0x0000000008001644       0x98 Core/app/glcd/ST7565R.o
                0x0000000008001644                glcd_spi_write
 .text.glcd_reset
                0x00000000080016dc       0x26 Core/app/glcd/ST7565R.o
                0x00000000080016dc                glcd_reset
 *fill*         0x0000000008001702        0x2 
 .text.glcd_command
                0x0000000008001704       0x1c Core/app/glcd/ST7565R.o
                0x0000000008001704                glcd_command
 .text.glcd_data
                0x0000000008001720       0x1c Core/app/glcd/ST7565R.o
                0x0000000008001720                glcd_data
 .text.glcd_set_y_address
                0x000000000800173c       0x10 Core/app/glcd/ST7565R.o
                0x000000000800173c                glcd_set_y_address
 .text.glcd_set_x_address
                0x000000000800174c       0x18 Core/app/glcd/ST7565R.o
                0x000000000800174c                glcd_set_x_address
 .text.glcd_write
                0x0000000008001764       0x54 Core/app/glcd/ST7565R.o
                0x0000000008001764                glcd_write
 .text.glcd_ST7565R_init
                0x00000000080017b8       0x4c Core/app/glcd/ST7565R.o
                0x00000000080017b8                glcd_ST7565R_init
 .text.glcd_init
                0x0000000008001804       0x5c Core/app/glcd/ST7565R.o
                0x0000000008001804                glcd_init
 .text.glcd_update_bbox
                0x0000000008001860       0x50 Core/app/glcd/glcd.o
                0x0000000008001860                glcd_update_bbox
 .text.glcd_reset_bbox
                0x00000000080018b0       0x18 Core/app/glcd/glcd.o
                0x00000000080018b0                glcd_reset_bbox
 .text.glcd_bbox_refresh
                0x00000000080018c8       0x18 Core/app/glcd/glcd.o
                0x00000000080018c8                glcd_bbox_refresh
 .text.glcd_clear_buffer
                0x00000000080018e0       0x1c Core/app/glcd/glcd.o
                0x00000000080018e0                glcd_clear_buffer
 .text.glcd_clear
                0x00000000080018fc        0xc Core/app/glcd/glcd.o
                0x00000000080018fc                glcd_clear
 .text.glcd_set_pixel
                0x0000000008001908       0x3c Core/app/glcd/glcd_graphics.o
                0x0000000008001908                glcd_set_pixel
 .text.glcd_invert_pixel
                0x0000000008001944       0x34 Core/app/glcd/glcd_graphics.o
                0x0000000008001944                glcd_invert_pixel
 .text.glcd_draw_rect_fill
                0x0000000008001978       0x58 Core/app/glcd/glcd_graphics.o
                0x0000000008001978                glcd_draw_rect_fill
 .text.glcd_draw_rect
                0x00000000080019d0       0x84 Core/app/glcd/glcd_graphics.o
                0x00000000080019d0                glcd_draw_rect
 .text.glcd_invert_area
                0x0000000008001a54       0x34 Core/app/glcd/glcd_graphics.o
                0x0000000008001a54                glcd_invert_area
 .text.glcd_bar_graph_horizontal
                0x0000000008001a88       0x42 Core/app/glcd/glcd_graphs.o
                0x0000000008001a88                glcd_bar_graph_horizontal
 .text.glcd_bar_graph_volume_shape
                0x0000000008001aca       0x8a Core/app/glcd/glcd_graphs.o
                0x0000000008001aca                glcd_bar_graph_volume_shape
 .text.glcd_set_font_c
                0x0000000008001b54       0x18 Core/app/glcd/glcd_text.o
                0x0000000008001b54                glcd_set_font_c
 .text.glcd_draw_char_xy
                0x0000000008001b6c       0xb4 Core/app/glcd/glcd_text.o
                0x0000000008001b6c                glcd_draw_char_xy
 .text.glcd_draw_string
                0x0000000008001c20       0x34 Core/app/glcd/glcd_text.o
                0x0000000008001c20                glcd_draw_string
 .text.glcd_draw_string_P
                0x0000000008001c54       0x34 Core/app/glcd/glcd_text.o
                0x0000000008001c54                glcd_draw_string_P
 .text.HAL_InitTick
                0x0000000008001c88       0x24 Drivers/STM32F0xx_HAL_Driver/Src/stm32f0xx_hal.o
                0x0000000008001c88                HAL_InitTick
 .text.HAL_Init
                0x0000000008001cac       0x20 Drivers/STM32F0xx_HAL_Driver/Src/stm32f0xx_hal.o
                0x0000000008001cac                HAL_Init
 .text.HAL_IncTick
                0x0000000008001ccc       0x10 Drivers/STM32F0xx_HAL_Driver/Src/stm32f0xx_hal.o
                0x0000000008001ccc                HAL_IncTick
 .text.HAL_GetTick
                0x0000000008001cdc        0xc Drivers/STM32F0xx_HAL_Driver/Src/stm32f0xx_hal.o
                0x0000000008001cdc                HAL_GetTick
 .text.HAL_Delay
                0x0000000008001ce8       0x20 Drivers/STM32F0xx_HAL_Driver/Src/stm32f0xx_hal.o
                0x0000000008001ce8                HAL_Delay
 .text.ADC_Enable
                0x0000000008001d08       0x98 Drivers/STM32F0xx_HAL_Driver/Src/stm32f0xx_hal_adc.o
 .text.HAL_ADC_Init
                0x0000000008001da0      0x148 Drivers/STM32F0xx_HAL_Driver/Src/stm32f0xx_hal_adc.o
                0x0000000008001da0                HAL_ADC_Init
 .text.HAL_ADC_Start_DMA
                0x0000000008001ee8       0x94 Drivers/STM32F0xx_HAL_Driver/Src/stm32f0xx_hal_adc.o
                0x0000000008001ee8                HAL_ADC_Start_DMA
 .text.HAL_ADC_ConvCpltCallback
                0x0000000008001f7c        0x2 Drivers/STM32F0xx_HAL_Driver/Src/stm32f0xx_hal_adc.o
                0x0000000008001f7c                HAL_ADC_ConvCpltCallback
 *fill*         0x0000000008001f7e        0x2 
 .text.ADC_DMAConvCplt
                0x0000000008001f80       0x70 Drivers/STM32F0xx_HAL_Driver/Src/stm32f0xx_hal_adc.o
 .text.HAL_ADC_ConvHalfCpltCallback
                0x0000000008001ff0        0x2 Drivers/STM32F0xx_HAL_Driver/Src/stm32f0xx_hal_adc.o
                0x0000000008001ff0                HAL_ADC_ConvHalfCpltCallback
 .text.ADC_DMAHalfConvCplt
                0x0000000008001ff2        0xa Drivers/STM32F0xx_HAL_Driver/Src/stm32f0xx_hal_adc.o
 .text.HAL_ADC_ErrorCallback
                0x0000000008001ffc        0x2 Drivers/STM32F0xx_HAL_Driver/Src/stm32f0xx_hal_adc.o
                0x0000000008001ffc                HAL_ADC_ErrorCallback
 .text.ADC_DMAError
                0x0000000008001ffe       0x1a Drivers/STM32F0xx_HAL_Driver/Src/stm32f0xx_hal_adc.o
 .text.HAL_ADC_ConfigChannel
                0x0000000008002018       0xfc Drivers/STM32F0xx_HAL_Driver/Src/stm32f0xx_hal_adc.o
                0x0000000008002018                HAL_ADC_ConfigChannel
 .text.HAL_NVIC_SetPriority
                0x0000000008002114       0x54 Drivers/STM32F0xx_HAL_Driver/Src/stm32f0xx_hal_cortex.o
                0x0000000008002114                HAL_NVIC_SetPriority
 .text.HAL_NVIC_EnableIRQ
                0x0000000008002168       0x14 Drivers/STM32F0xx_HAL_Driver/Src/stm32f0xx_hal_cortex.o
                0x0000000008002168                HAL_NVIC_EnableIRQ
 .text.HAL_SYSTICK_Config
                0x000000000800217c       0x34 Drivers/STM32F0xx_HAL_Driver/Src/stm32f0xx_hal_cortex.o
                0x000000000800217c                HAL_SYSTICK_Config
 .text.HAL_DMA_Init
                0x00000000080021b0       0x6c Drivers/STM32F0xx_HAL_Driver/Src/stm32f0xx_hal_dma.o
                0x00000000080021b0                HAL_DMA_Init
 .text.HAL_DMA_Start_IT
                0x000000000800221c       0x78 Drivers/STM32F0xx_HAL_Driver/Src/stm32f0xx_hal_dma.o
                0x000000000800221c                HAL_DMA_Start_IT
 .text.HAL_DMA_IRQHandler
                0x0000000008002294       0x92 Drivers/STM32F0xx_HAL_Driver/Src/stm32f0xx_hal_dma.o
                0x0000000008002294                HAL_DMA_IRQHandler
 *fill*         0x0000000008002326        0x2 
 .text.HAL_GPIO_Init
                0x0000000008002328      0x160 Drivers/STM32F0xx_HAL_Driver/Src/stm32f0xx_hal_gpio.o
                0x0000000008002328                HAL_GPIO_Init
 .text.HAL_GPIO_ReadPin
                0x0000000008002488        0xc Drivers/STM32F0xx_HAL_Driver/Src/stm32f0xx_hal_gpio.o
                0x0000000008002488                HAL_GPIO_ReadPin
 .text.HAL_GPIO_WritePin
                0x0000000008002494        0xc Drivers/STM32F0xx_HAL_Driver/Src/stm32f0xx_hal_gpio.o
                0x0000000008002494                HAL_GPIO_WritePin
 .text.I2C_Flush_TXDR
                0x00000000080024a0       0x1c Drivers/STM32F0xx_HAL_Driver/Src/stm32f0xx_hal_i2c.o
 .text.I2C_TransferConfig
                0x00000000080024bc       0x24 Drivers/STM32F0xx_HAL_Driver/Src/stm32f0xx_hal_i2c.o
 .text.I2C_WaitOnFlagUntilTimeout
                0x00000000080024e0       0x4c Drivers/STM32F0xx_HAL_Driver/Src/stm32f0xx_hal_i2c.o
 .text.I2C_IsAcknowledgeFailed
                0x000000000800252c       0x80 Drivers/STM32F0xx_HAL_Driver/Src/stm32f0xx_hal_i2c.o
 .text.I2C_WaitOnTXISFlagUntilTimeout
                0x00000000080025ac       0x5a Drivers/STM32F0xx_HAL_Driver/Src/stm32f0xx_hal_i2c.o
 .text.I2C_RequestMemoryWrite
                0x0000000008002606       0x68 Drivers/STM32F0xx_HAL_Driver/Src/stm32f0xx_hal_i2c.o
 .text.I2C_RequestMemoryRead
                0x000000000800266e       0x66 Drivers/STM32F0xx_HAL_Driver/Src/stm32f0xx_hal_i2c.o
 .text.I2C_WaitOnSTOPFlagUntilTimeout
                0x00000000080026d4       0x56 Drivers/STM32F0xx_HAL_Driver/Src/stm32f0xx_hal_i2c.o
 *fill*         0x000000000800272a        0x2 
 .text.HAL_I2C_Init
                0x000000000800272c       0xac Drivers/STM32F0xx_HAL_Driver/Src/stm32f0xx_hal_i2c.o
                0x000000000800272c                HAL_I2C_Init
 .text.HAL_I2C_Mem_Write
                0x00000000080027d8      0x174 Drivers/STM32F0xx_HAL_Driver/Src/stm32f0xx_hal_i2c.o
                0x00000000080027d8                HAL_I2C_Mem_Write
 .text.HAL_I2C_Mem_Read
                0x000000000800294c      0x17c Drivers/STM32F0xx_HAL_Driver/Src/stm32f0xx_hal_i2c.o
                0x000000000800294c                HAL_I2C_Mem_Read
 .text.HAL_I2CEx_ConfigAnalogFilter
                0x0000000008002ac8       0x4c Drivers/STM32F0xx_HAL_Driver/Src/stm32f0xx_hal_i2c_ex.o
                0x0000000008002ac8                HAL_I2CEx_ConfigAnalogFilter
 .text.HAL_I2CEx_ConfigDigitalFilter
                0x0000000008002b14       0x48 Drivers/STM32F0xx_HAL_Driver/Src/stm32f0xx_hal_i2c_ex.o
                0x0000000008002b14                HAL_I2CEx_ConfigDigitalFilter
 .text.HAL_IWDG_Init
                0x0000000008002b5c       0x58 Drivers/STM32F0xx_HAL_Driver/Src/stm32f0xx_hal_iwdg.o
                0x0000000008002b5c                HAL_IWDG_Init
 .text.HAL_IWDG_Refresh
                0x0000000008002bb4       0x10 Drivers/STM32F0xx_HAL_Driver/Src/stm32f0xx_hal_iwdg.o
                0x0000000008002bb4                HAL_IWDG_Refresh
 .text.HAL_RCC_OscConfig
                0x0000000008002bc4      0x3c4 Drivers/STM32F0xx_HAL_Driver/Src/stm32f0xx_hal_rcc.o
                0x0000000008002bc4                HAL_RCC_OscConfig
 .text.HAL_RCC_GetSysClockFreq
                0x0000000008002f88       0x68 Drivers/STM32F0xx_HAL_Driver/Src/stm32f0xx_hal_rcc.o
                0x0000000008002f88                HAL_RCC_GetSysClockFreq
 .text.HAL_RCC_ClockConfig
                0x0000000008002ff0      0x130 Drivers/STM32F0xx_HAL_Driver/Src/stm32f0xx_hal_rcc.o
                0x0000000008002ff0                HAL_RCC_ClockConfig
 .text.HAL_RCC_GetHCLKFreq
                0x0000000008003120        0xc Drivers/STM32F0xx_HAL_Driver/Src/stm32f0xx_hal_rcc.o
                0x0000000008003120                HAL_RCC_GetHCLKFreq
 .text.HAL_RCCEx_PeriphCLKConfig
                0x000000000800312c      0x108 Drivers/STM32F0xx_HAL_Driver/Src/stm32f0xx_hal_rcc_ex.o
                0x000000000800312c                HAL_RCCEx_PeriphCLKConfig
 .text.TIM_OC1_SetConfig
                0x0000000008003234       0x78 Drivers/STM32F0xx_HAL_Driver/Src/stm32f0xx_hal_tim.o
 .text.TIM_OC3_SetConfig
                0x00000000080032ac       0x80 Drivers/STM32F0xx_HAL_Driver/Src/stm32f0xx_hal_tim.o
 .text.TIM_OC4_SetConfig
                0x000000000800332c       0x68 Drivers/STM32F0xx_HAL_Driver/Src/stm32f0xx_hal_tim.o
 .text.HAL_TIM_Base_Start_IT
                0x0000000008003394       0x14 Drivers/STM32F0xx_HAL_Driver/Src/stm32f0xx_hal_tim.o
                0x0000000008003394                HAL_TIM_Base_Start_IT
 .text.HAL_TIM_Encoder_Start
                0x00000000080033a8       0x36 Drivers/STM32F0xx_HAL_Driver/Src/stm32f0xx_hal_tim.o
                0x00000000080033a8                HAL_TIM_Encoder_Start
 .text.HAL_TIM_OC_DelayElapsedCallback
                0x00000000080033de        0x2 Drivers/STM32F0xx_HAL_Driver/Src/stm32f0xx_hal_tim.o
                0x00000000080033de                HAL_TIM_OC_DelayElapsedCallback
 .text.HAL_TIM_IC_CaptureCallback
                0x00000000080033e0        0x2 Drivers/STM32F0xx_HAL_Driver/Src/stm32f0xx_hal_tim.o
                0x00000000080033e0                HAL_TIM_IC_CaptureCallback
 .text.HAL_TIM_PWM_PulseFinishedCallback
                0x00000000080033e2        0x2 Drivers/STM32F0xx_HAL_Driver/Src/stm32f0xx_hal_tim.o
                0x00000000080033e2                HAL_TIM_PWM_PulseFinishedCallback
 .text.HAL_TIM_TriggerCallback
                0x00000000080033e4        0x2 Drivers/STM32F0xx_HAL_Driver/Src/stm32f0xx_hal_tim.o
                0x00000000080033e4                HAL_TIM_TriggerCallback
 .text.HAL_TIM_IRQHandler
                0x00000000080033e6      0x148 Drivers/STM32F0xx_HAL_Driver/Src/stm32f0xx_hal_tim.o
                0x00000000080033e6                HAL_TIM_IRQHandler
 *fill*         0x000000000800352e        0x2 
 .text.TIM_Base_SetConfig
                0x0000000008003530       0x80 Drivers/STM32F0xx_HAL_Driver/Src/stm32f0xx_hal_tim.o
                0x0000000008003530                TIM_Base_SetConfig
 .text.HAL_TIM_Base_Init
                0x00000000080035b0       0x36 Drivers/STM32F0xx_HAL_Driver/Src/stm32f0xx_hal_tim.o
                0x00000000080035b0                HAL_TIM_Base_Init
 .text.HAL_TIM_PWM_Init
                0x00000000080035e6       0x36 Drivers/STM32F0xx_HAL_Driver/Src/stm32f0xx_hal_tim.o
                0x00000000080035e6                HAL_TIM_PWM_Init
 .text.HAL_TIM_Encoder_Init
                0x000000000800361c       0x94 Drivers/STM32F0xx_HAL_Driver/Src/stm32f0xx_hal_tim.o
                0x000000000800361c                HAL_TIM_Encoder_Init
 .text.TIM_OC2_SetConfig
                0x00000000080036b0       0x78 Drivers/STM32F0xx_HAL_Driver/Src/stm32f0xx_hal_tim.o
                0x00000000080036b0                TIM_OC2_SetConfig
 .text.HAL_TIM_PWM_ConfigChannel
                0x0000000008003728       0xd4 Drivers/STM32F0xx_HAL_Driver/Src/stm32f0xx_hal_tim.o
                0x0000000008003728                HAL_TIM_PWM_ConfigChannel
 .text.TIM_CCxChannelCmd
                0x00000000080037fc       0x16 Drivers/STM32F0xx_HAL_Driver/Src/stm32f0xx_hal_tim.o
                0x00000000080037fc                TIM_CCxChannelCmd
 *fill*         0x0000000008003812        0x2 
 .text.HAL_TIM_OC_Start
                0x0000000008003814       0x44 Drivers/STM32F0xx_HAL_Driver/Src/stm32f0xx_hal_tim.o
                0x0000000008003814                HAL_TIM_OC_Start
 .text.HAL_TIM_PWM_Start
                0x0000000008003858        0x8 Drivers/STM32F0xx_HAL_Driver/Src/stm32f0xx_hal_tim.o
                0x0000000008003858                HAL_TIM_PWM_Start
 .text.HAL_TIMEx_MasterConfigSynchronization
                0x0000000008003860       0x44 Drivers/STM32F0xx_HAL_Driver/Src/stm32f0xx_hal_tim_ex.o
                0x0000000008003860                HAL_TIMEx_MasterConfigSynchronization
 .text.HAL_TIMEx_CommutationCallback
                0x00000000080038a4        0x2 Drivers/STM32F0xx_HAL_Driver/Src/stm32f0xx_hal_tim_ex.o
                0x00000000080038a4                HAL_TIMEx_CommutationCallback
 .text.HAL_TIMEx_BreakCallback
                0x00000000080038a6        0x2 Drivers/STM32F0xx_HAL_Driver/Src/stm32f0xx_hal_tim_ex.o
                0x00000000080038a6                HAL_TIMEx_BreakCallback
 .text.Reset_Handler
                0x00000000080038a8       0x50 startup/startup_stm32f030x6.o
                0x00000000080038a8                Reset_Handler
 .text.Default_Handler
                0x00000000080038f8        0x2 startup/startup_stm32f030x6.o
                0x00000000080038f8                TIM1_CC_IRQHandler
                0x00000000080038f8                I2C1_IRQHandler
                0x00000000080038f8                SPI1_IRQHandler
                0x00000000080038f8                EXTI2_3_IRQHandler
                0x00000000080038f8                ADC1_IRQHandler
                0x00000000080038f8                TIM17_IRQHandler
                0x00000000080038f8                RTC_IRQHandler
                0x00000000080038f8                TIM16_IRQHandler
                0x00000000080038f8                TIM3_IRQHandler
                0x00000000080038f8                EXTI4_15_IRQHandler
                0x00000000080038f8                RCC_IRQHandler
                0x00000000080038f8                Default_Handler
                0x00000000080038f8                DMA1_Channel4_5_IRQHandler
                0x00000000080038f8                EXTI0_1_IRQHandler
                0x00000000080038f8                WWDG_IRQHandler
                0x00000000080038f8                DMA1_Channel2_3_IRQHandler
                0x00000000080038f8                FLASH_IRQHandler
                0x00000000080038f8                USART1_IRQHandler
                0x00000000080038f8                TIM1_BRK_UP_TRG_COM_IRQHandler
 *fill*         0x00000000080038fa        0x2 
 .text.__errno  0x00000000080038fc        0xc /home/sam/Ac6/SystemWorkbench/plugins/fr.ac6.mcu.externaltools.arm-none.linux64_1.17.0.201812190825/tools/compiler/bin/../lib/gcc/arm-none-eabi/7.3.1/../../../../arm-none-eabi/lib/thumb/v6-m/libc_nano.a(lib_a-errno.o)
                0x00000000080038fc                __errno
 .text.__libc_init_array
                0x0000000008003908       0x48 /home/sam/Ac6/SystemWorkbench/plugins/fr.ac6.mcu.externaltools.arm-none.linux64_1.17.0.201812190825/tools/compiler/bin/../lib/gcc/arm-none-eabi/7.3.1/../../../../arm-none-eabi/lib/thumb/v6-m/libc_nano.a(lib_a-init.o)
                0x0000000008003908                __libc_init_array
 .text.malloc   0x0000000008003950       0x14 /home/sam/Ac6/SystemWorkbench/plugins/fr.ac6.mcu.externaltools.arm-none.linux64_1.17.0.201812190825/tools/compiler/bin/../lib/gcc/arm-none-eabi/7.3.1/../../../../arm-none-eabi/lib/thumb/v6-m/libc_nano.a(lib_a-malloc.o)
                0x0000000008003950                malloc
 .text.memcpy   0x0000000008003964       0x12 /home/sam/Ac6/SystemWorkbench/plugins/fr.ac6.mcu.externaltools.arm-none.linux64_1.17.0.201812190825/tools/compiler/bin/../lib/gcc/arm-none-eabi/7.3.1/../../../../arm-none-eabi/lib/thumb/v6-m/libc_nano.a(lib_a-memcpy-stub.o)
                0x0000000008003964                memcpy
 .text.memset   0x0000000008003976       0x10 /home/sam/Ac6/SystemWorkbench/plugins/fr.ac6.mcu.externaltools.arm-none.linux64_1.17.0.201812190825/tools/compiler/bin/../lib/gcc/arm-none-eabi/7.3.1/../../../../arm-none-eabi/lib/thumb/v6-m/libc_nano.a(lib_a-memset.o)
                0x0000000008003976                memset
 *fill*         0x0000000008003986        0x2 
 .text._free_r  0x0000000008003988       0x94 /home/sam/Ac6/SystemWorkbench/plugins/fr.ac6.mcu.externaltools.arm-none.linux64_1.17.0.201812190825/tools/compiler/bin/../lib/gcc/arm-none-eabi/7.3.1/../../../../arm-none-eabi/lib/thumb/v6-m/libc_nano.a(lib_a-nano-freer.o)
                0x0000000008003988                _free_r
 .text._malloc_r
                0x0000000008003a1c       0xbc /home/sam/Ac6/SystemWorkbench/plugins/fr.ac6.mcu.externaltools.arm-none.linux64_1.17.0.201812190825/tools/compiler/bin/../lib/gcc/arm-none-eabi/7.3.1/../../../../arm-none-eabi/lib/thumb/v6-m/libc_nano.a(lib_a-nano-mallocr.o)
                0x0000000008003a1c                _malloc_r
 .text._sbrk_r  0x0000000008003ad8       0x24 /home/sam/Ac6/SystemWorkbench/plugins/fr.ac6.mcu.externaltools.arm-none.linux64_1.17.0.201812190825/tools/compiler/bin/../lib/gcc/arm-none-eabi/7.3.1/../../../../arm-none-eabi/lib/thumb/v6-m/libc_nano.a(lib_a-sbrkr.o)
                0x0000000008003ad8                _sbrk_r
 .text.sprintf  0x0000000008003afc       0x40 /home/sam/Ac6/SystemWorkbench/plugins/fr.ac6.mcu.externaltools.arm-none.linux64_1.17.0.201812190825/tools/compiler/bin/../lib/gcc/arm-none-eabi/7.3.1/../../../../arm-none-eabi/lib/thumb/v6-m/libc_nano.a(lib_a-sprintf.o)
                0x0000000008003afc                sprintf
                0x0000000008003afc                siprintf
 .text.__malloc_lock
                0x0000000008003b3c        0x2 /home/sam/Ac6/SystemWorkbench/plugins/fr.ac6.mcu.externaltools.arm-none.linux64_1.17.0.201812190825/tools/compiler/bin/../lib/gcc/arm-none-eabi/7.3.1/../../../../arm-none-eabi/lib/thumb/v6-m/libc_nano.a(lib_a-mlock.o)
                0x0000000008003b3c                __malloc_lock
 .text.__malloc_unlock
                0x0000000008003b3e        0x2 /home/sam/Ac6/SystemWorkbench/plugins/fr.ac6.mcu.externaltools.arm-none.linux64_1.17.0.201812190825/tools/compiler/bin/../lib/gcc/arm-none-eabi/7.3.1/../../../../arm-none-eabi/lib/thumb/v6-m/libc_nano.a(lib_a-mlock.o)
                0x0000000008003b3e                __malloc_unlock
 .text.__ssputs_r
                0x0000000008003b40       0xc4 /home/sam/Ac6/SystemWorkbench/plugins/fr.ac6.mcu.externaltools.arm-none.linux64_1.17.0.201812190825/tools/compiler/bin/../lib/gcc/arm-none-eabi/7.3.1/../../../../arm-none-eabi/lib/thumb/v6-m/libc_nano.a(lib_a-nano-svfprintf.o)
                0x0000000008003b40                __ssputs_r
 .text._svfprintf_r
                0x0000000008003c04      0x1fc /home/sam/Ac6/SystemWorkbench/plugins/fr.ac6.mcu.externaltools.arm-none.linux64_1.17.0.201812190825/tools/compiler/bin/../lib/gcc/arm-none-eabi/7.3.1/../../../../arm-none-eabi/lib/thumb/v6-m/libc_nano.a(lib_a-nano-svfprintf.o)
                0x0000000008003c04                _svfprintf_r
                0x0000000008003c04                _svfiprintf_r
 .text._printf_common
                0x0000000008003e00       0xda /home/sam/Ac6/SystemWorkbench/plugins/fr.ac6.mcu.externaltools.arm-none.linux64_1.17.0.201812190825/tools/compiler/bin/../lib/gcc/arm-none-eabi/7.3.1/../../../../arm-none-eabi/lib/thumb/v6-m/libc_nano.a(lib_a-nano-vfprintf_i.o)
                0x0000000008003e00                _printf_common
 *fill*         0x0000000008003eda        0x2 
 .text._printf_i
                0x0000000008003edc      0x210 /home/sam/Ac6/SystemWorkbench/plugins/fr.ac6.mcu.externaltools.arm-none.linux64_1.17.0.201812190825/tools/compiler/bin/../lib/gcc/arm-none-eabi/7.3.1/../../../../arm-none-eabi/lib/thumb/v6-m/libc_nano.a(lib_a-nano-vfprintf_i.o)
                0x0000000008003edc                _printf_i
 .text.memchr   0x00000000080040ec       0x16 /home/sam/Ac6/SystemWorkbench/plugins/fr.ac6.mcu.externaltools.arm-none.linux64_1.17.0.201812190825/tools/compiler/bin/../lib/gcc/arm-none-eabi/7.3.1/../../../../arm-none-eabi/lib/thumb/v6-m/libc_nano.a(lib_a-memchr-stub.o)
                0x00000000080040ec                memchr
 .text.memmove  0x0000000008004102       0x26 /home/sam/Ac6/SystemWorkbench/plugins/fr.ac6.mcu.externaltools.arm-none.linux64_1.17.0.201812190825/tools/compiler/bin/../lib/gcc/arm-none-eabi/7.3.1/../../../../arm-none-eabi/lib/thumb/v6-m/libc_nano.a(lib_a-memmove.o)
                0x0000000008004102                memmove
 .text._realloc_r
                0x0000000008004128       0x4c /home/sam/Ac6/SystemWorkbench/plugins/fr.ac6.mcu.externaltools.arm-none.linux64_1.17.0.201812190825/tools/compiler/bin/../lib/gcc/arm-none-eabi/7.3.1/../../../../arm-none-eabi/lib/thumb/v6-m/libc_nano.a(lib_a-nano-reallocr.o)
                0x0000000008004128                _realloc_r
 .text._malloc_usable_size_r
                0x0000000008004174       0x10 /home/sam/Ac6/SystemWorkbench/plugins/fr.ac6.mcu.externaltools.arm-none.linux64_1.17.0.201812190825/tools/compiler/bin/../lib/gcc/arm-none-eabi/7.3.1/../../../../arm-none-eabi/lib/thumb/v6-m/libc_nano.a(lib_a-nano-msizer.o)
                0x0000000008004174                _malloc_usable_size_r
 *(.glue_7)
 .glue_7        0x0000000008004184        0x0 linker stubs
 *(.glue_7t)
 .glue_7t       0x0000000008004184        0x0 linker stubs
 *(.eh_frame)
 .eh_frame      0x0000000008004184        0x0 /home/sam/Ac6/SystemWorkbench/plugins/fr.ac6.mcu.externaltools.arm-none.linux64_1.17.0.201812190825/tools/compiler/bin/../lib/gcc/arm-none-eabi/7.3.1/thumb/v6-m/crtbegin.o
 *(.init)
 .init          0x0000000008004184        0x4 /home/sam/Ac6/SystemWorkbench/plugins/fr.ac6.mcu.externaltools.arm-none.linux64_1.17.0.201812190825/tools/compiler/bin/../lib/gcc/arm-none-eabi/7.3.1/thumb/v6-m/crti.o
                0x0000000008004184                _init
 .init          0x0000000008004188        0x8 /home/sam/Ac6/SystemWorkbench/plugins/fr.ac6.mcu.externaltools.arm-none.linux64_1.17.0.201812190825/tools/compiler/bin/../lib/gcc/arm-none-eabi/7.3.1/thumb/v6-m/crtn.o
 *(.fini)
 .fini          0x0000000008004190        0x4 /home/sam/Ac6/SystemWorkbench/plugins/fr.ac6.mcu.externaltools.arm-none.linux64_1.17.0.201812190825/tools/compiler/bin/../lib/gcc/arm-none-eabi/7.3.1/thumb/v6-m/crti.o
                0x0000000008004190                _fini
 .fini          0x0000000008004194        0x8 /home/sam/Ac6/SystemWorkbench/plugins/fr.ac6.mcu.externaltools.arm-none.linux64_1.17.0.201812190825/tools/compiler/bin/../lib/gcc/arm-none-eabi/7.3.1/thumb/v6-m/crtn.o
                0x000000000800419c                . = ALIGN (0x4)
                0x000000000800419c                _etext = .

.vfp11_veneer   0x000000000800419c        0x0
 .vfp11_veneer  0x000000000800419c        0x0 linker stubs

.v4_bx          0x000000000800419c        0x0
 .v4_bx         0x000000000800419c        0x0 linker stubs

.iplt           0x000000000800419c        0x0
 .iplt          0x000000000800419c        0x0 /home/sam/Ac6/SystemWorkbench/plugins/fr.ac6.mcu.externaltools.arm-none.linux64_1.17.0.201812190825/tools/compiler/bin/../lib/gcc/arm-none-eabi/7.3.1/thumb/v6-m/crtbegin.o

.rodata         0x000000000800419c     0x15fc
                0x000000000800419c                . = ALIGN (0x4)
 *(.rodata)
 .rodata        0x000000000800419c       0x20 Drivers/STM32F0xx_HAL_Driver/Src/stm32f0xx_hal_rcc.o
 *(.rodata*)
 .rodata.AHBPrescTable
                0x00000000080041bc       0x10 Core/Src/system_stm32f0xx.o
                0x00000000080041bc                AHBPrescTable
 .rodata.fsm_fp_box
                0x00000000080041cc       0x30 Core/app/app.o
                0x00000000080041cc                fsm_fp_box
 .rodata.Helper_Print_EFX_Number.str1.1
                0x00000000080041fc        0x5 Core/app/fsm_funcs.o
 .rodata.Helper_Service_Menu.str1.1
                0x0000000008004201       0x20 Core/app/fsm_funcs.o
                                         0x23 (size before relaxing)
 .rodata.fp_S2_Btn.str1.1
                0x0000000008004221       0x12 Core/app/fsm_funcs.o
 .rodata.str1.1
                0x0000000008004233       0x82 Core/app/effect/efx_base.o
 *fill*         0x00000000080042b5        0x3 
 .rodata.Btn_Handle_table
                0x00000000080042b8        0xc Core/app/event/btn.o
 .rodata.glcd_init.str1.1
                0x00000000080042c4       0x19 Core/app/glcd/ST7565R.o
 .rodata.Boost_SSi22x20
                0x00000000080042dd      0x29e Core/app/glcd/fonts/fonts.o
 .rodata.Boost_SSi26x20
                0x000000000800457b      0x806 Core/app/glcd/fonts/fonts.o
 *fill*         0x0000000008004d81        0x3 
 .rodata.FC_Boost_SSi22x20
                0x0000000008004d84        0x8 Core/app/glcd/fonts/fonts.o
                0x0000000008004d84                FC_Boost_SSi22x20
 .rodata.FC_Boost_SSi26x20
                0x0000000008004d8c        0x8 Core/app/glcd/fonts/fonts.o
                0x0000000008004d8c                FC_Boost_SSi26x20
 .rodata.FC_Helvetica14x15
                0x0000000008004d94        0x8 Core/app/glcd/fonts/fonts.o
                0x0000000008004d94                FC_Helvetica14x15
 .rodata.FC_SimplixSSK14x9
                0x0000000008004d9c        0x8 Core/app/glcd/fonts/fonts.o
                0x0000000008004d9c                FC_SimplixSSK14x9
 .rodata.Helvetica14x15
                0x0000000008004da4      0x4df Core/app/glcd/fonts/fonts.o
 .rodata.SimplixSSK14x9
                0x0000000008005283      0x4df Core/app/glcd/fonts/fonts.o
 .rodata._svfprintf_r.str1.1
                0x0000000008005762       0x11 /home/sam/Ac6/SystemWorkbench/plugins/fr.ac6.mcu.externaltools.arm-none.linux64_1.17.0.201812190825/tools/compiler/bin/../lib/gcc/arm-none-eabi/7.3.1/../../../../arm-none-eabi/lib/thumb/v6-m/libc_nano.a(lib_a-nano-svfprintf.o)
 .rodata._printf_i.str1.1
                0x0000000008005773       0x22 /home/sam/Ac6/SystemWorkbench/plugins/fr.ac6.mcu.externaltools.arm-none.linux64_1.17.0.201812190825/tools/compiler/bin/../lib/gcc/arm-none-eabi/7.3.1/../../../../arm-none-eabi/lib/thumb/v6-m/libc_nano.a(lib_a-nano-vfprintf_i.o)
                0x0000000008005798                . = ALIGN (0x4)
 *fill*         0x0000000008005795        0x3 

.rel.dyn        0x0000000008005798        0x0
 .rel.iplt      0x0000000008005798        0x0 /home/sam/Ac6/SystemWorkbench/plugins/fr.ac6.mcu.externaltools.arm-none.linux64_1.17.0.201812190825/tools/compiler/bin/../lib/gcc/arm-none-eabi/7.3.1/thumb/v6-m/crtbegin.o

.ARM.extab
 *(.ARM.extab* .gnu.linkonce.armextab.*)

.ARM            0x0000000008005798        0x0
                0x0000000008005798                __exidx_start = .
 *(.ARM.exidx*)
                0x0000000008005798                __exidx_end = .

.preinit_array  0x0000000008005798        0x0
                0x0000000008005798                PROVIDE (__preinit_array_start = .)
 *(.preinit_array*)
                0x0000000008005798                PROVIDE (__preinit_array_end = .)

.init_array     0x0000000008005798        0x4
                0x0000000008005798                PROVIDE (__init_array_start = .)
 *(SORT_BY_NAME(.init_array.*))
 *(.init_array*)
 .init_array    0x0000000008005798        0x4 /home/sam/Ac6/SystemWorkbench/plugins/fr.ac6.mcu.externaltools.arm-none.linux64_1.17.0.201812190825/tools/compiler/bin/../lib/gcc/arm-none-eabi/7.3.1/thumb/v6-m/crtbegin.o
                0x000000000800579c                PROVIDE (__init_array_end = .)

.fini_array     0x000000000800579c        0x4
                [!provide]                        PROVIDE (__fini_array_start = .)
 *(SORT_BY_NAME(.fini_array.*))
 *(.fini_array*)
 .fini_array    0x000000000800579c        0x4 /home/sam/Ac6/SystemWorkbench/plugins/fr.ac6.mcu.externaltools.arm-none.linux64_1.17.0.201812190825/tools/compiler/bin/../lib/gcc/arm-none-eabi/7.3.1/thumb/v6-m/crtbegin.o
                [!provide]                        PROVIDE (__fini_array_end = .)
                0x00000000080057a0                _sidata = LOADADDR (.data)

.data           0x0000000020000000      0x170 load address 0x00000000080057a0
                0x0000000020000000                . = ALIGN (0x4)
                0x0000000020000000                _sdata = .
 *(.data)
 *(.data*)
 .data.SystemCoreClock
                0x0000000020000000        0x4 Core/Src/system_stm32f0xx.o
                0x0000000020000000                SystemCoreClock
 .data.VOL_Xs   0x0000000020000004        0x4 Core/app/fsm_funcs.o
                0x0000000020000004                VOL_Xs
 .data.VOL_Ys   0x0000000020000008        0x4 Core/app/fsm_funcs.o
                0x0000000020000008                VOL_Ys
 .data.__compound_literal.0
                0x000000002000000c        0xc Core/app/effect/efx_base.o
 .data.__compound_literal.1
                0x0000000020000018        0xc Core/app/effect/efx_base.o
 .data.__compound_literal.10
                0x0000000020000024        0xc Core/app/effect/efx_base.o
 .data.__compound_literal.11
                0x0000000020000030        0xc Core/app/effect/efx_base.o
 .data.__compound_literal.12
                0x000000002000003c        0xc Core/app/effect/efx_base.o
 .data.__compound_literal.13
                0x0000000020000048        0xc Core/app/effect/efx_base.o
 .data.__compound_literal.14
                0x0000000020000054        0xc Core/app/effect/efx_base.o
 .data.__compound_literal.15
                0x0000000020000060        0xc Core/app/effect/efx_base.o
 .data.__compound_literal.2
                0x000000002000006c        0xc Core/app/effect/efx_base.o
 .data.__compound_literal.3
                0x0000000020000078        0xc Core/app/effect/efx_base.o
 .data.__compound_literal.4
                0x0000000020000084        0xc Core/app/effect/efx_base.o
 .data.__compound_literal.5
                0x0000000020000090        0xc Core/app/effect/efx_base.o
 .data.__compound_literal.6
                0x000000002000009c        0xc Core/app/effect/efx_base.o
 .data.__compound_literal.7
                0x00000000200000a8        0xc Core/app/effect/efx_base.o
 .data.__compound_literal.8
                0x00000000200000b4        0xc Core/app/effect/efx_base.o
 .data.__compound_literal.9
                0x00000000200000c0        0xc Core/app/effect/efx_base.o
 .data.efx_base_box
                0x00000000200000cc       0x40 Core/app/effect/efx_base.o
                0x00000000200000cc                efx_base_box
 .data._impure_ptr
                0x000000002000010c        0x4 /home/sam/Ac6/SystemWorkbench/plugins/fr.ac6.mcu.externaltools.arm-none.linux64_1.17.0.201812190825/tools/compiler/bin/../lib/gcc/arm-none-eabi/7.3.1/../../../../arm-none-eabi/lib/thumb/v6-m/libc_nano.a(lib_a-impure.o)
                0x000000002000010c                _impure_ptr
 .data.impure_data
                0x0000000020000110       0x60 /home/sam/Ac6/SystemWorkbench/plugins/fr.ac6.mcu.externaltools.arm-none.linux64_1.17.0.201812190825/tools/compiler/bin/../lib/gcc/arm-none-eabi/7.3.1/../../../../arm-none-eabi/lib/thumb/v6-m/libc_nano.a(lib_a-impure.o)
                0x0000000020000170                . = ALIGN (0x4)
                0x0000000020000170                _edata = .

.igot.plt       0x0000000020000170        0x0 load address 0x0000000008005910
 .igot.plt      0x0000000020000170        0x0 /home/sam/Ac6/SystemWorkbench/plugins/fr.ac6.mcu.externaltools.arm-none.linux64_1.17.0.201812190825/tools/compiler/bin/../lib/gcc/arm-none-eabi/7.3.1/thumb/v6-m/crtbegin.o
                0x0000000020000170                . = ALIGN (0x4)

.bss            0x0000000020000170      0x894 load address 0x0000000008005910
                0x0000000020000170                _sbss = .
                0x0000000020000170                __bss_start__ = _sbss
 *(.bss)
 .bss           0x0000000020000170       0x1c /home/sam/Ac6/SystemWorkbench/plugins/fr.ac6.mcu.externaltools.arm-none.linux64_1.17.0.201812190825/tools/compiler/bin/../lib/gcc/arm-none-eabi/7.3.1/thumb/v6-m/crtbegin.o
 *(.bss*)
 .bss.heap_end.5959
                0x000000002000018c        0x4 Core/Src/syscalls.o
 .bss.efx_cnt   0x0000000020000190        0x1 Core/app/effect/efx.o
 .bss.mems      0x0000000020000191      0x252 Core/app/effect/efx.o
                0x0000000020000191                mems
 *fill*         0x00000000200003e3        0x1 
 .bss.start_time
                0x00000000200003e4        0x4 Core/app/event/btn.o
 .bss.state     0x00000000200003e8        0x1 Core/app/event/btn.o
 *fill*         0x00000000200003e9        0x3 
 .bss.cnt       0x00000000200003ec        0x4 Core/app/event/enc.o
 .bss.__malloc_free_list
                0x00000000200003f0        0x4 /home/sam/Ac6/SystemWorkbench/plugins/fr.ac6.mcu.externaltools.arm-none.linux64_1.17.0.201812190825/tools/compiler/bin/../lib/gcc/arm-none-eabi/7.3.1/../../../../arm-none-eabi/lib/thumb/v6-m/libc_nano.a(lib_a-nano-mallocr.o)
                0x00000000200003f0                __malloc_free_list
 .bss.__malloc_sbrk_start
                0x00000000200003f4        0x4 /home/sam/Ac6/SystemWorkbench/plugins/fr.ac6.mcu.externaltools.arm-none.linux64_1.17.0.201812190825/tools/compiler/bin/../lib/gcc/arm-none-eabi/7.3.1/../../../../arm-none-eabi/lib/thumb/v6-m/libc_nano.a(lib_a-nano-mallocr.o)
                0x00000000200003f4                __malloc_sbrk_start
 *(COMMON)
 COMMON         0x00000000200003f8       0x90 Core/Src/adc.o
                0x00000000200003f8                hdma_adc
                0x000000002000043c                hadc
 COMMON         0x0000000020000488       0x4c Core/Src/i2c.o
                0x0000000020000488                hi2c1
 COMMON         0x00000000200004d4       0x10 Core/Src/iwdg.o
                0x00000000200004d4                hiwdg
 COMMON         0x00000000200004e4       0x48 Core/Src/main.o
                0x00000000200004e4                handle
 COMMON         0x000000002000052c       0xc0 Core/Src/tim.o
                0x000000002000052c                htim3
                0x000000002000056c                htim1
                0x00000000200005ac                htim14
 COMMON         0x00000000200005ec      0x408 Core/app/glcd/glcd.o
                0x00000000200005ec                glcd_bbox
                0x00000000200005f0                glcd_buffer
                0x00000000200009f0                glcd_buffer_selected
 COMMON         0x00000000200009f4        0x8 Core/app/glcd/glcd_text.o
                0x00000000200009f4                font_current
 COMMON         0x00000000200009fc        0x4 Drivers/STM32F0xx_HAL_Driver/Src/stm32f0xx_hal.o
                0x00000000200009fc                uwTick
 COMMON         0x0000000020000a00        0x4 /home/sam/Ac6/SystemWorkbench/plugins/fr.ac6.mcu.externaltools.arm-none.linux64_1.17.0.201812190825/tools/compiler/bin/../lib/gcc/arm-none-eabi/7.3.1/../../../../arm-none-eabi/lib/thumb/v6-m/libc_nano.a(lib_a-reent.o)
                0x0000000020000a00                errno
                0x0000000020000a04                . = ALIGN (0x4)
                0x0000000020000a04                _ebss = .
                0x0000000020000a04                __bss_end__ = _ebss

._user_heap_stack
                0x0000000020000a04        0xc load address 0x0000000008005910
                0x0000000020000a08                . = ALIGN (0x8)
 *fill*         0x0000000020000a04        0x4 
                0x0000000020000a08                PROVIDE (end = .)
                [!provide]                        PROVIDE (_end = .)
                0x0000000020000a09                . = (. + _Min_Heap_Size)
 *fill*         0x0000000020000a08        0x1 
                0x0000000020000a0a                . = (. + _Min_Stack_Size)
 *fill*         0x0000000020000a09        0x1 
                0x0000000020000a10                . = ALIGN (0x8)
 *fill*         0x0000000020000a0a        0x6 

/DISCARD/
 libc.a(*)
 libm.a(*)
 libgcc.a(*)

.ARM.attributes
                0x0000000000000000       0x28
 *(.ARM.attributes)
 .ARM.attributes
                0x0000000000000000       0x1e /home/sam/Ac6/SystemWorkbench/plugins/fr.ac6.mcu.externaltools.arm-none.linux64_1.17.0.201812190825/tools/compiler/bin/../lib/gcc/arm-none-eabi/7.3.1/thumb/v6-m/crti.o
 .ARM.attributes
                0x000000000000001e       0x2c /home/sam/Ac6/SystemWorkbench/plugins/fr.ac6.mcu.externaltools.arm-none.linux64_1.17.0.201812190825/tools/compiler/bin/../lib/gcc/arm-none-eabi/7.3.1/thumb/v6-m/crtbegin.o
 .ARM.attributes
                0x000000000000004a       0x31 Core/Src/adc.o
 .ARM.attributes
                0x000000000000007b       0x31 Core/Src/dma.o
 .ARM.attributes
                0x00000000000000ac       0x31 Core/Src/gpio.o
 .ARM.attributes
                0x00000000000000dd       0x31 Core/Src/i2c.o
 .ARM.attributes
                0x000000000000010e       0x31 Core/Src/iwdg.o
 .ARM.attributes
                0x000000000000013f       0x31 Core/Src/main.o
 .ARM.attributes
                0x0000000000000170       0x31 Core/Src/stm32f0xx_hal_msp.o
 .ARM.attributes
                0x00000000000001a1       0x31 Core/Src/stm32f0xx_it.o
 .ARM.attributes
                0x00000000000001d2       0x31 Core/Src/syscalls.o
 .ARM.attributes
                0x0000000000000203       0x31 Core/Src/system_stm32f0xx.o
 .ARM.attributes
                0x0000000000000234       0x31 Core/Src/tim.o
 .ARM.attributes
                0x0000000000000265       0x31 Core/app/app.o
 .ARM.attributes
                0x0000000000000296       0x31 Core/app/fsm_funcs.o
 .ARM.attributes
                0x00000000000002c7       0x31 Core/app/aux/eep.o
 .ARM.attributes
                0x00000000000002f8       0x31 Core/app/aux/eep_helper.o
 .ARM.attributes
                0x0000000000000329       0x31 Core/app/aux/hc595.o
 .ARM.attributes
                0x000000000000035a       0x31 Core/app/effect/efx.o
 .ARM.attributes
                0x000000000000038b       0x31 Core/app/effect/efx_base.o
 .ARM.attributes
                0x00000000000003bc       0x31 Core/app/event/btn.o
 .ARM.attributes
                0x00000000000003ed       0x31 Core/app/event/enc.o
 .ARM.attributes
                0x000000000000041e       0x31 Core/app/event/event.o
 .ARM.attributes
                0x000000000000044f       0x31 Core/app/event/vol.o
 .ARM.attributes
                0x0000000000000480       0x31 Core/app/glcd/ST7565R.o
 .ARM.attributes
                0x00000000000004b1       0x31 Core/app/glcd/glcd.o
 .ARM.attributes
                0x00000000000004e2       0x31 Core/app/glcd/glcd_graphics.o
 .ARM.attributes
                0x0000000000000513       0x31 Core/app/glcd/glcd_graphs.o
 .ARM.attributes
                0x0000000000000544       0x31 Core/app/glcd/glcd_text.o
 .ARM.attributes
                0x0000000000000575       0x31 Core/app/glcd/fonts/fonts.o
 .ARM.attributes
                0x00000000000005a6       0x31 Drivers/STM32F0xx_HAL_Driver/Src/stm32f0xx_hal.o
 .ARM.attributes
                0x00000000000005d7       0x31 Drivers/STM32F0xx_HAL_Driver/Src/stm32f0xx_hal_adc.o
 .ARM.attributes
                0x0000000000000608       0x31 Drivers/STM32F0xx_HAL_Driver/Src/stm32f0xx_hal_cortex.o
 .ARM.attributes
                0x0000000000000639       0x31 Drivers/STM32F0xx_HAL_Driver/Src/stm32f0xx_hal_dma.o
 .ARM.attributes
                0x000000000000066a       0x31 Drivers/STM32F0xx_HAL_Driver/Src/stm32f0xx_hal_gpio.o
 .ARM.attributes
                0x000000000000069b       0x31 Drivers/STM32F0xx_HAL_Driver/Src/stm32f0xx_hal_i2c.o
 .ARM.attributes
                0x00000000000006cc       0x31 Drivers/STM32F0xx_HAL_Driver/Src/stm32f0xx_hal_i2c_ex.o
 .ARM.attributes
                0x00000000000006fd       0x31 Drivers/STM32F0xx_HAL_Driver/Src/stm32f0xx_hal_iwdg.o
 .ARM.attributes
                0x000000000000072e       0x31 Drivers/STM32F0xx_HAL_Driver/Src/stm32f0xx_hal_rcc.o
 .ARM.attributes
                0x000000000000075f       0x31 Drivers/STM32F0xx_HAL_Driver/Src/stm32f0xx_hal_rcc_ex.o
 .ARM.attributes
                0x0000000000000790       0x31 Drivers/STM32F0xx_HAL_Driver/Src/stm32f0xx_hal_tim.o
 .ARM.attributes
                0x00000000000007c1       0x31 Drivers/STM32F0xx_HAL_Driver/Src/stm32f0xx_hal_tim_ex.o
 .ARM.attributes
                0x00000000000007f2       0x21 startup/startup_stm32f030x6.o
 .ARM.attributes
                0x0000000000000813       0x1e /home/sam/Ac6/SystemWorkbench/plugins/fr.ac6.mcu.externaltools.arm-none.linux64_1.17.0.201812190825/tools/compiler/bin/../lib/gcc/arm-none-eabi/7.3.1/thumb/v6-m/libgcc.a(_thumb1_case_uqi.o)
 .ARM.attributes
                0x0000000000000831       0x1e /home/sam/Ac6/SystemWorkbench/plugins/fr.ac6.mcu.externaltools.arm-none.linux64_1.17.0.201812190825/tools/compiler/bin/../lib/gcc/arm-none-eabi/7.3.1/thumb/v6-m/libgcc.a(_udivsi3.o)
 .ARM.attributes
                0x000000000000084f       0x1e /home/sam/Ac6/SystemWorkbench/plugins/fr.ac6.mcu.externaltools.arm-none.linux64_1.17.0.201812190825/tools/compiler/bin/../lib/gcc/arm-none-eabi/7.3.1/thumb/v6-m/libgcc.a(_dvmd_tls.o)
 .ARM.attributes
                0x000000000000086d       0x2c /home/sam/Ac6/SystemWorkbench/plugins/fr.ac6.mcu.externaltools.arm-none.linux64_1.17.0.201812190825/tools/compiler/bin/../lib/gcc/arm-none-eabi/7.3.1/../../../../arm-none-eabi/lib/thumb/v6-m/libc_nano.a(lib_a-errno.o)
 .ARM.attributes
                0x0000000000000899       0x2c /home/sam/Ac6/SystemWorkbench/plugins/fr.ac6.mcu.externaltools.arm-none.linux64_1.17.0.201812190825/tools/compiler/bin/../lib/gcc/arm-none-eabi/7.3.1/../../../../arm-none-eabi/lib/thumb/v6-m/libc_nano.a(lib_a-impure.o)
 .ARM.attributes
                0x00000000000008c5       0x2c /home/sam/Ac6/SystemWorkbench/plugins/fr.ac6.mcu.externaltools.arm-none.linux64_1.17.0.201812190825/tools/compiler/bin/../lib/gcc/arm-none-eabi/7.3.1/../../../../arm-none-eabi/lib/thumb/v6-m/libc_nano.a(lib_a-init.o)
 .ARM.attributes
                0x00000000000008f1       0x2c /home/sam/Ac6/SystemWorkbench/plugins/fr.ac6.mcu.externaltools.arm-none.linux64_1.17.0.201812190825/tools/compiler/bin/../lib/gcc/arm-none-eabi/7.3.1/../../../../arm-none-eabi/lib/thumb/v6-m/libc_nano.a(lib_a-malloc.o)
 .ARM.attributes
                0x000000000000091d       0x2c /home/sam/Ac6/SystemWorkbench/plugins/fr.ac6.mcu.externaltools.arm-none.linux64_1.17.0.201812190825/tools/compiler/bin/../lib/gcc/arm-none-eabi/7.3.1/../../../../arm-none-eabi/lib/thumb/v6-m/libc_nano.a(lib_a-memcpy-stub.o)
 .ARM.attributes
                0x0000000000000949       0x2c /home/sam/Ac6/SystemWorkbench/plugins/fr.ac6.mcu.externaltools.arm-none.linux64_1.17.0.201812190825/tools/compiler/bin/../lib/gcc/arm-none-eabi/7.3.1/../../../../arm-none-eabi/lib/thumb/v6-m/libc_nano.a(lib_a-memset.o)
 .ARM.attributes
                0x0000000000000975       0x2c /home/sam/Ac6/SystemWorkbench/plugins/fr.ac6.mcu.externaltools.arm-none.linux64_1.17.0.201812190825/tools/compiler/bin/../lib/gcc/arm-none-eabi/7.3.1/../../../../arm-none-eabi/lib/thumb/v6-m/libc_nano.a(lib_a-nano-freer.o)
 .ARM.attributes
                0x00000000000009a1       0x2c /home/sam/Ac6/SystemWorkbench/plugins/fr.ac6.mcu.externaltools.arm-none.linux64_1.17.0.201812190825/tools/compiler/bin/../lib/gcc/arm-none-eabi/7.3.1/../../../../arm-none-eabi/lib/thumb/v6-m/libc_nano.a(lib_a-nano-mallocr.o)
 .ARM.attributes
                0x00000000000009cd       0x2c /home/sam/Ac6/SystemWorkbench/plugins/fr.ac6.mcu.externaltools.arm-none.linux64_1.17.0.201812190825/tools/compiler/bin/../lib/gcc/arm-none-eabi/7.3.1/../../../../arm-none-eabi/lib/thumb/v6-m/libc_nano.a(lib_a-sbrkr.o)
 .ARM.attributes
                0x00000000000009f9       0x2c /home/sam/Ac6/SystemWorkbench/plugins/fr.ac6.mcu.externaltools.arm-none.linux64_1.17.0.201812190825/tools/compiler/bin/../lib/gcc/arm-none-eabi/7.3.1/../../../../arm-none-eabi/lib/thumb/v6-m/libc_nano.a(lib_a-sprintf.o)
 .ARM.attributes
                0x0000000000000a25       0x2c /home/sam/Ac6/SystemWorkbench/plugins/fr.ac6.mcu.externaltools.arm-none.linux64_1.17.0.201812190825/tools/compiler/bin/../lib/gcc/arm-none-eabi/7.3.1/../../../../arm-none-eabi/lib/thumb/v6-m/libc_nano.a(lib_a-mlock.o)
 .ARM.attributes
                0x0000000000000a51       0x2c /home/sam/Ac6/SystemWorkbench/plugins/fr.ac6.mcu.externaltools.arm-none.linux64_1.17.0.201812190825/tools/compiler/bin/../lib/gcc/arm-none-eabi/7.3.1/../../../../arm-none-eabi/lib/thumb/v6-m/libc_nano.a(lib_a-nano-svfprintf.o)
 .ARM.attributes
                0x0000000000000a7d       0x2c /home/sam/Ac6/SystemWorkbench/plugins/fr.ac6.mcu.externaltools.arm-none.linux64_1.17.0.201812190825/tools/compiler/bin/../lib/gcc/arm-none-eabi/7.3.1/../../../../arm-none-eabi/lib/thumb/v6-m/libc_nano.a(lib_a-nano-vfprintf_i.o)
 .ARM.attributes
                0x0000000000000aa9       0x2c /home/sam/Ac6/SystemWorkbench/plugins/fr.ac6.mcu.externaltools.arm-none.linux64_1.17.0.201812190825/tools/compiler/bin/../lib/gcc/arm-none-eabi/7.3.1/../../../../arm-none-eabi/lib/thumb/v6-m/libc_nano.a(lib_a-reent.o)
 .ARM.attributes
                0x0000000000000ad5       0x2c /home/sam/Ac6/SystemWorkbench/plugins/fr.ac6.mcu.externaltools.arm-none.linux64_1.17.0.201812190825/tools/compiler/bin/../lib/gcc/arm-none-eabi/7.3.1/../../../../arm-none-eabi/lib/thumb/v6-m/libc_nano.a(lib_a-memchr-stub.o)
 .ARM.attributes
                0x0000000000000b01       0x2c /home/sam/Ac6/SystemWorkbench/plugins/fr.ac6.mcu.externaltools.arm-none.linux64_1.17.0.201812190825/tools/compiler/bin/../lib/gcc/arm-none-eabi/7.3.1/../../../../arm-none-eabi/lib/thumb/v6-m/libc_nano.a(lib_a-memmove.o)
 .ARM.attributes
                0x0000000000000b2d       0x2c /home/sam/Ac6/SystemWorkbench/plugins/fr.ac6.mcu.externaltools.arm-none.linux64_1.17.0.201812190825/tools/compiler/bin/../lib/gcc/arm-none-eabi/7.3.1/../../../../arm-none-eabi/lib/thumb/v6-m/libc_nano.a(lib_a-nano-reallocr.o)
 .ARM.attributes
                0x0000000000000b59       0x2c /home/sam/Ac6/SystemWorkbench/plugins/fr.ac6.mcu.externaltools.arm-none.linux64_1.17.0.201812190825/tools/compiler/bin/../lib/gcc/arm-none-eabi/7.3.1/../../../../arm-none-eabi/lib/thumb/v6-m/libc_nano.a(lib_a-nano-msizer.o)
 .ARM.attributes
                0x0000000000000b85       0x1e /home/sam/Ac6/SystemWorkbench/plugins/fr.ac6.mcu.externaltools.arm-none.linux64_1.17.0.201812190825/tools/compiler/bin/../lib/gcc/arm-none-eabi/7.3.1/thumb/v6-m/crtn.o
OUTPUT(test_defx.elf elf32-littlearm)

.debug_info     0x0000000000000000    0xa6119
 .debug_info    0x0000000000000000     0x11ca Core/Src/adc.o
 .debug_info    0x00000000000011ca      0xb00 Core/Src/dma.o
 .debug_info    0x0000000000001cca      0xc31 Core/Src/gpio.o
 .debug_info    0x00000000000028fb     0x11b9 Core/Src/i2c.o
 .debug_info    0x0000000000003ab4      0xa69 Core/Src/iwdg.o
 .debug_info    0x000000000000451d     0xd191 Core/Src/main.o
 .debug_info    0x00000000000116ae      0xa2a Core/Src/stm32f0xx_hal_msp.o
 .debug_info    0x00000000000120d8      0xe64 Core/Src/stm32f0xx_it.o
 .debug_info    0x0000000000012f3c      0xff5 Core/Src/syscalls.o
 .debug_info    0x0000000000013f31      0xa70 Core/Src/system_stm32f0xx.o
 .debug_info    0x00000000000149a1     0x1797 Core/Src/tim.o
 .debug_info    0x0000000000016138     0xcaf2 Core/app/app.o
 .debug_info    0x0000000000022c2a     0xdacb Core/app/fsm_funcs.o
 .debug_info    0x00000000000306f5      0xfb9 Core/app/aux/eep.o
 .debug_info    0x00000000000316ae     0xcd60 Core/app/aux/eep_helper.o
 .debug_info    0x000000000003e40e      0xb17 Core/app/aux/hc595.o
 .debug_info    0x000000000003ef25     0xcb78 Core/app/effect/efx.o
 .debug_info    0x000000000004ba9d      0xae3 Core/app/effect/efx_base.o
 .debug_info    0x000000000004c580      0xbbc Core/app/event/btn.o
 .debug_info    0x000000000004d13c      0xe59 Core/app/event/enc.o
 .debug_info    0x000000000004df95     0x101e Core/app/event/event.o
 .debug_info    0x000000000004efb3      0xe51 Core/app/event/vol.o
 .debug_info    0x000000000004fe04     0xcbb6 Core/app/glcd/ST7565R.o
 .debug_info    0x000000000005c9ba     0xc223 Core/app/glcd/glcd.o
 .debug_info    0x0000000000068bdd     0xcb2f Core/app/glcd/glcd_graphics.o
 .debug_info    0x000000000007570c     0xc6c9 Core/app/glcd/glcd_graphs.o
 .debug_info    0x0000000000081dd5     0xc3b6 Core/app/glcd/glcd_text.o
 .debug_info    0x000000000008e18b     0x676b Core/app/glcd/fonts/fonts.o
 .debug_info    0x00000000000948f6      0xe36 Drivers/STM32F0xx_HAL_Driver/Src/stm32f0xx_hal.o
 .debug_info    0x000000000009572c     0x1684 Drivers/STM32F0xx_HAL_Driver/Src/stm32f0xx_hal_adc.o
 .debug_info    0x0000000000096db0      0xfed Drivers/STM32F0xx_HAL_Driver/Src/stm32f0xx_hal_cortex.o
 .debug_info    0x0000000000097d9d     0x1027 Drivers/STM32F0xx_HAL_Driver/Src/stm32f0xx_hal_dma.o
 .debug_info    0x0000000000098dc4      0xe58 Drivers/STM32F0xx_HAL_Driver/Src/stm32f0xx_hal_gpio.o
 .debug_info    0x0000000000099c1c     0x3850 Drivers/STM32F0xx_HAL_Driver/Src/stm32f0xx_hal_i2c.o
 .debug_info    0x000000000009d46c     0x1033 Drivers/STM32F0xx_HAL_Driver/Src/stm32f0xx_hal_i2c_ex.o
 .debug_info    0x000000000009e49f      0xaa4 Drivers/STM32F0xx_HAL_Driver/Src/stm32f0xx_hal_iwdg.o
 .debug_info    0x000000000009ef43     0x1179 Drivers/STM32F0xx_HAL_Driver/Src/stm32f0xx_hal_rcc.o
 .debug_info    0x00000000000a00bc      0xbf8 Drivers/STM32F0xx_HAL_Driver/Src/stm32f0xx_hal_rcc_ex.o
 .debug_info    0x00000000000a0cb4     0x3b24 Drivers/STM32F0xx_HAL_Driver/Src/stm32f0xx_hal_tim.o
 .debug_info    0x00000000000a47d8     0x1941 Drivers/STM32F0xx_HAL_Driver/Src/stm32f0xx_hal_tim_ex.o

.debug_abbrev   0x0000000000000000     0x6b7d
 .debug_abbrev  0x0000000000000000      0x277 Core/Src/adc.o
 .debug_abbrev  0x0000000000000277      0x22f Core/Src/dma.o
 .debug_abbrev  0x00000000000004a6      0x239 Core/Src/gpio.o
 .debug_abbrev  0x00000000000006df      0x27c Core/Src/i2c.o
 .debug_abbrev  0x000000000000095b      0x21b Core/Src/iwdg.o
 .debug_abbrev  0x0000000000000b76      0x30a Core/Src/main.o
 .debug_abbrev  0x0000000000000e80      0x1dc Core/Src/stm32f0xx_hal_msp.o
 .debug_abbrev  0x000000000000105c      0x24e Core/Src/stm32f0xx_it.o
 .debug_abbrev  0x00000000000012aa      0x30f Core/Src/syscalls.o
 .debug_abbrev  0x00000000000015b9      0x202 Core/Src/system_stm32f0xx.o
 .debug_abbrev  0x00000000000017bb      0x2cc Core/Src/tim.o
 .debug_abbrev  0x0000000000001a87      0x2ba Core/app/app.o
 .debug_abbrev  0x0000000000001d41      0x37e Core/app/fsm_funcs.o
 .debug_abbrev  0x00000000000020bf      0x239 Core/app/aux/eep.o
 .debug_abbrev  0x00000000000022f8      0x30c Core/app/aux/eep_helper.o
 .debug_abbrev  0x0000000000002604      0x23c Core/app/aux/hc595.o
 .debug_abbrev  0x0000000000002840      0x2f4 Core/app/effect/efx.o
 .debug_abbrev  0x0000000000002b34      0x1e3 Core/app/effect/efx_base.o
 .debug_abbrev  0x0000000000002d17      0x25e Core/app/event/btn.o
 .debug_abbrev  0x0000000000002f75      0x268 Core/app/event/enc.o
 .debug_abbrev  0x00000000000031dd      0x25e Core/app/event/event.o
 .debug_abbrev  0x000000000000343b      0x22c Core/app/event/vol.o
 .debug_abbrev  0x0000000000003667      0x2d5 Core/app/glcd/ST7565R.o
 .debug_abbrev  0x000000000000393c      0x2a5 Core/app/glcd/glcd.o
 .debug_abbrev  0x0000000000003be1      0x364 Core/app/glcd/glcd_graphics.o
 .debug_abbrev  0x0000000000003f45      0x2d2 Core/app/glcd/glcd_graphs.o
 .debug_abbrev  0x0000000000004217      0x319 Core/app/glcd/glcd_text.o
 .debug_abbrev  0x0000000000004530      0x1dd Core/app/glcd/fonts/fonts.o
 .debug_abbrev  0x000000000000470d      0x30b Drivers/STM32F0xx_HAL_Driver/Src/stm32f0xx_hal.o
 .debug_abbrev  0x0000000000004a18      0x377 Drivers/STM32F0xx_HAL_Driver/Src/stm32f0xx_hal_adc.o
 .debug_abbrev  0x0000000000004d8f      0x339 Drivers/STM32F0xx_HAL_Driver/Src/stm32f0xx_hal_cortex.o
 .debug_abbrev  0x00000000000050c8      0x2cc Drivers/STM32F0xx_HAL_Driver/Src/stm32f0xx_hal_dma.o
 .debug_abbrev  0x0000000000005394      0x2b1 Drivers/STM32F0xx_HAL_Driver/Src/stm32f0xx_hal_gpio.o
 .debug_abbrev  0x0000000000005645      0x3bc Drivers/STM32F0xx_HAL_Driver/Src/stm32f0xx_hal_i2c.o
 .debug_abbrev  0x0000000000005a01      0x261 Drivers/STM32F0xx_HAL_Driver/Src/stm32f0xx_hal_i2c_ex.o
 .debug_abbrev  0x0000000000005c62      0x21e Drivers/STM32F0xx_HAL_Driver/Src/stm32f0xx_hal_iwdg.o
 .debug_abbrev  0x0000000000005e80      0x32a Drivers/STM32F0xx_HAL_Driver/Src/stm32f0xx_hal_rcc.o
 .debug_abbrev  0x00000000000061aa      0x2a2 Drivers/STM32F0xx_HAL_Driver/Src/stm32f0xx_hal_rcc_ex.o
 .debug_abbrev  0x000000000000644c      0x3e8 Drivers/STM32F0xx_HAL_Driver/Src/stm32f0xx_hal_tim.o
 .debug_abbrev  0x0000000000006834      0x349 Drivers/STM32F0xx_HAL_Driver/Src/stm32f0xx_hal_tim_ex.o

.debug_loc      0x0000000000000000     0xc3ad
 .debug_loc     0x0000000000000000       0x58 Core/Src/adc.o
 .debug_loc     0x0000000000000058       0x4d Core/Src/i2c.o
 .debug_loc     0x00000000000000a5       0x21 Core/Src/main.o
 .debug_loc     0x00000000000000c6      0x469 Core/Src/syscalls.o
 .debug_loc     0x000000000000052f      0x132 Core/Src/system_stm32f0xx.o
 .debug_loc     0x0000000000000661       0xdc Core/Src/tim.o
 .debug_loc     0x000000000000073d       0x60 Core/app/app.o
 .debug_loc     0x000000000000079d      0x40f Core/app/fsm_funcs.o
 .debug_loc     0x0000000000000bac      0x1e4 Core/app/aux/eep.o
 .debug_loc     0x0000000000000d90      0x112 Core/app/aux/eep_helper.o
 .debug_loc     0x0000000000000ea2       0x67 Core/app/aux/hc595.o
 .debug_loc     0x0000000000000f09      0x264 Core/app/effect/efx.o
 .debug_loc     0x000000000000116d       0x21 Core/app/effect/efx_base.o
 .debug_loc     0x000000000000118e       0xdc Core/app/event/btn.o
 .debug_loc     0x000000000000126a       0x2f Core/app/event/enc.o
 .debug_loc     0x0000000000001299      0x113 Core/app/event/event.o
 .debug_loc     0x00000000000013ac       0x63 Core/app/event/vol.o
 .debug_loc     0x000000000000140f      0x1de Core/app/glcd/ST7565R.o
 .debug_loc     0x00000000000015ed       0xbd Core/app/glcd/glcd.o
 .debug_loc     0x00000000000016aa      0xb42 Core/app/glcd/glcd_graphics.o
 .debug_loc     0x00000000000021ec      0x71b Core/app/glcd/glcd_graphs.o
 .debug_loc     0x0000000000002907      0x3cc Core/app/glcd/glcd_text.o
 .debug_loc     0x0000000000002cd3       0x7c Drivers/STM32F0xx_HAL_Driver/Src/stm32f0xx_hal.o
 .debug_loc     0x0000000000002d4f      0xaac Drivers/STM32F0xx_HAL_Driver/Src/stm32f0xx_hal_adc.o
 .debug_loc     0x00000000000037fb      0x3aa Drivers/STM32F0xx_HAL_Driver/Src/stm32f0xx_hal_cortex.o
 .debug_loc     0x0000000000003ba5      0x7e0 Drivers/STM32F0xx_HAL_Driver/Src/stm32f0xx_hal_dma.o
 .debug_loc     0x0000000000004385      0x307 Drivers/STM32F0xx_HAL_Driver/Src/stm32f0xx_hal_gpio.o
 .debug_loc     0x000000000000468c     0x30ed Drivers/STM32F0xx_HAL_Driver/Src/stm32f0xx_hal_i2c.o
 .debug_loc     0x0000000000007779      0x13a Drivers/STM32F0xx_HAL_Driver/Src/stm32f0xx_hal_i2c_ex.o
 .debug_loc     0x00000000000078b3       0x76 Drivers/STM32F0xx_HAL_Driver/Src/stm32f0xx_hal_iwdg.o
 .debug_loc     0x0000000000007929      0x4bd Drivers/STM32F0xx_HAL_Driver/Src/stm32f0xx_hal_rcc.o
 .debug_loc     0x0000000000007de6      0x265 Drivers/STM32F0xx_HAL_Driver/Src/stm32f0xx_hal_rcc_ex.o
 .debug_loc     0x000000000000804b     0x384f Drivers/STM32F0xx_HAL_Driver/Src/stm32f0xx_hal_tim.o
 .debug_loc     0x000000000000b89a      0xb13 Drivers/STM32F0xx_HAL_Driver/Src/stm32f0xx_hal_tim_ex.o

.debug_aranges  0x0000000000000000     0x1060
 .debug_aranges
                0x0000000000000000       0x30 Core/Src/adc.o
 .debug_aranges
                0x0000000000000030       0x20 Core/Src/dma.o
 .debug_aranges
                0x0000000000000050       0x20 Core/Src/gpio.o
 .debug_aranges
                0x0000000000000070       0x30 Core/Src/i2c.o
 .debug_aranges
                0x00000000000000a0       0x20 Core/Src/iwdg.o
 .debug_aranges
                0x00000000000000c0       0x38 Core/Src/main.o
 .debug_aranges
                0x00000000000000f8       0x20 Core/Src/stm32f0xx_hal_msp.o
 .debug_aranges
                0x0000000000000118       0x40 Core/Src/stm32f0xx_it.o
 .debug_aranges
                0x0000000000000158       0xb0 Core/Src/syscalls.o
 .debug_aranges
                0x0000000000000208       0x28 Core/Src/system_stm32f0xx.o
 .debug_aranges
                0x0000000000000230       0x68 Core/Src/tim.o
 .debug_aranges
                0x0000000000000298       0x28 Core/app/app.o
 .debug_aranges
                0x00000000000002c0       0x78 Core/app/fsm_funcs.o
 .debug_aranges
                0x0000000000000338       0x30 Core/app/aux/eep.o
 .debug_aranges
                0x0000000000000368       0x40 Core/app/aux/eep_helper.o
 .debug_aranges
                0x00000000000003a8       0x20 Core/app/aux/hc595.o
 .debug_aranges
                0x00000000000003c8       0x38 Core/app/effect/efx.o
 .debug_aranges
                0x0000000000000400       0x20 Core/app/effect/efx_base.o
 .debug_aranges
                0x0000000000000420       0x40 Core/app/event/btn.o
 .debug_aranges
                0x0000000000000460       0x30 Core/app/event/enc.o
 .debug_aranges
                0x0000000000000490       0x28 Core/app/event/event.o
 .debug_aranges
                0x00000000000004b8       0x30 Core/app/event/vol.o
 .debug_aranges
                0x00000000000004e8       0xc0 Core/app/glcd/ST7565R.o
 .debug_aranges
                0x00000000000005a8       0x58 Core/app/glcd/glcd.o
 .debug_aranges
                0x0000000000000600       0x78 Core/app/glcd/glcd_graphics.o
 .debug_aranges
                0x0000000000000678       0x50 Core/app/glcd/glcd_graphs.o
 .debug_aranges
                0x00000000000006c8       0x50 Core/app/glcd/glcd_text.o
 .debug_aranges
                0x0000000000000718       0x18 Core/app/glcd/fonts/fonts.o
 .debug_aranges
                0x0000000000000730       0xb0 Drivers/STM32F0xx_HAL_Driver/Src/stm32f0xx_hal.o
 .debug_aranges
                0x00000000000007e0       0xd0 Drivers/STM32F0xx_HAL_Driver/Src/stm32f0xx_hal_adc.o
 .debug_aranges
                0x00000000000008b0       0x78 Drivers/STM32F0xx_HAL_Driver/Src/stm32f0xx_hal_cortex.o
 .debug_aranges
                0x0000000000000928       0x78 Drivers/STM32F0xx_HAL_Driver/Src/stm32f0xx_hal_dma.o
 .debug_aranges
                0x00000000000009a0       0x58 Drivers/STM32F0xx_HAL_Driver/Src/stm32f0xx_hal_gpio.o
 .debug_aranges
                0x00000000000009f8      0x200 Drivers/STM32F0xx_HAL_Driver/Src/stm32f0xx_hal_i2c.o
 .debug_aranges
                0x0000000000000bf8       0x38 Drivers/STM32F0xx_HAL_Driver/Src/stm32f0xx_hal_i2c_ex.o
 .debug_aranges
                0x0000000000000c30       0x28 Drivers/STM32F0xx_HAL_Driver/Src/stm32f0xx_hal_iwdg.o
 .debug_aranges
                0x0000000000000c58       0x80 Drivers/STM32F0xx_HAL_Driver/Src/stm32f0xx_hal_rcc.o
 .debug_aranges
                0x0000000000000cd8       0x30 Drivers/STM32F0xx_HAL_Driver/Src/stm32f0xx_hal_rcc_ex.o
 .debug_aranges
                0x0000000000000d08      0x268 Drivers/STM32F0xx_HAL_Driver/Src/stm32f0xx_hal_tim.o
 .debug_aranges
                0x0000000000000f70       0xf0 Drivers/STM32F0xx_HAL_Driver/Src/stm32f0xx_hal_tim_ex.o

.debug_ranges   0x0000000000000000     0x15c8
 .debug_ranges  0x0000000000000000       0x70 Core/Src/adc.o
 .debug_ranges  0x0000000000000070       0x38 Core/Src/dma.o
 .debug_ranges  0x00000000000000a8       0x78 Core/Src/gpio.o
 .debug_ranges  0x0000000000000120       0x70 Core/Src/i2c.o
 .debug_ranges  0x0000000000000190       0x10 Core/Src/iwdg.o
 .debug_ranges  0x00000000000001a0       0x28 Core/Src/main.o
 .debug_ranges  0x00000000000001c8       0x58 Core/Src/stm32f0xx_hal_msp.o
 .debug_ranges  0x0000000000000220       0x30 Core/Src/stm32f0xx_it.o
 .debug_ranges  0x0000000000000250       0xa0 Core/Src/syscalls.o
 .debug_ranges  0x00000000000002f0       0x18 Core/Src/system_stm32f0xx.o
 .debug_ranges  0x0000000000000308      0x188 Core/Src/tim.o
 .debug_ranges  0x0000000000000490       0x18 Core/app/app.o
 .debug_ranges  0x00000000000004a8       0x80 Core/app/fsm_funcs.o
 .debug_ranges  0x0000000000000528       0x20 Core/app/aux/eep.o
 .debug_ranges  0x0000000000000548       0x48 Core/app/aux/eep_helper.o
 .debug_ranges  0x0000000000000590       0x40 Core/app/aux/hc595.o
 .debug_ranges  0x00000000000005d0       0x48 Core/app/effect/efx.o
 .debug_ranges  0x0000000000000618       0x10 Core/app/effect/efx_base.o
 .debug_ranges  0x0000000000000628       0x30 Core/app/event/btn.o
 .debug_ranges  0x0000000000000658       0x20 Core/app/event/enc.o
 .debug_ranges  0x0000000000000678       0x18 Core/app/event/event.o
 .debug_ranges  0x0000000000000690       0x20 Core/app/event/vol.o
 .debug_ranges  0x00000000000006b0       0xe0 Core/app/glcd/ST7565R.o
 .debug_ranges  0x0000000000000790       0x48 Core/app/glcd/glcd.o
 .debug_ranges  0x00000000000007d8       0xb0 Core/app/glcd/glcd_graphics.o
 .debug_ranges  0x0000000000000888       0x40 Core/app/glcd/glcd_graphs.o
 .debug_ranges  0x00000000000008c8       0x78 Core/app/glcd/glcd_text.o
 .debug_ranges  0x0000000000000940       0xa0 Drivers/STM32F0xx_HAL_Driver/Src/stm32f0xx_hal.o
 .debug_ranges  0x00000000000009e0       0xc0 Drivers/STM32F0xx_HAL_Driver/Src/stm32f0xx_hal_adc.o
 .debug_ranges  0x0000000000000aa0      0x120 Drivers/STM32F0xx_HAL_Driver/Src/stm32f0xx_hal_cortex.o
 .debug_ranges  0x0000000000000bc0       0xf8 Drivers/STM32F0xx_HAL_Driver/Src/stm32f0xx_hal_dma.o
 .debug_ranges  0x0000000000000cb8       0x70 Drivers/STM32F0xx_HAL_Driver/Src/stm32f0xx_hal_gpio.o
 .debug_ranges  0x0000000000000d28      0x220 Drivers/STM32F0xx_HAL_Driver/Src/stm32f0xx_hal_i2c.o
 .debug_ranges  0x0000000000000f48       0x68 Drivers/STM32F0xx_HAL_Driver/Src/stm32f0xx_hal_i2c_ex.o
 .debug_ranges  0x0000000000000fb0       0x18 Drivers/STM32F0xx_HAL_Driver/Src/stm32f0xx_hal_iwdg.o
 .debug_ranges  0x0000000000000fc8       0xa0 Drivers/STM32F0xx_HAL_Driver/Src/stm32f0xx_hal_rcc.o
 .debug_ranges  0x0000000000001068       0x40 Drivers/STM32F0xx_HAL_Driver/Src/stm32f0xx_hal_rcc_ex.o
 .debug_ranges  0x00000000000010a8      0x440 Drivers/STM32F0xx_HAL_Driver/Src/stm32f0xx_hal_tim.o
 .debug_ranges  0x00000000000014e8       0xe0 Drivers/STM32F0xx_HAL_Driver/Src/stm32f0xx_hal_tim_ex.o

.debug_line     0x0000000000000000    0x10a29
 .debug_line    0x0000000000000000      0x500 Core/Src/adc.o
 .debug_line    0x0000000000000500      0x3cd Core/Src/dma.o
 .debug_line    0x00000000000008cd      0x3fa Core/Src/gpio.o
 .debug_line    0x0000000000000cc7      0x4d1 Core/Src/i2c.o
 .debug_line    0x0000000000001198      0x42b Core/Src/iwdg.o
 .debug_line    0x00000000000015c3      0x916 Core/Src/main.o
 .debug_line    0x0000000000001ed9      0x370 Core/Src/stm32f0xx_hal_msp.o
 .debug_line    0x0000000000002249      0x451 Core/Src/stm32f0xx_it.o
 .debug_line    0x000000000000269a      0x487 Core/Src/syscalls.o
 .debug_line    0x0000000000002b21      0x316 Core/Src/system_stm32f0xx.o
 .debug_line    0x0000000000002e37      0x619 Core/Src/tim.o
 .debug_line    0x0000000000003450      0x818 Core/app/app.o
 .debug_line    0x0000000000003c68      0xb41 Core/app/fsm_funcs.o
 .debug_line    0x00000000000047a9      0x485 Core/app/aux/eep.o
 .debug_line    0x0000000000004c2e      0x8e5 Core/app/aux/eep_helper.o
 .debug_line    0x0000000000005513      0x3f7 Core/app/aux/hc595.o
 .debug_line    0x000000000000590a      0x859 Core/app/effect/efx.o
 .debug_line    0x0000000000006163      0x3e8 Core/app/effect/efx_base.o
 .debug_line    0x000000000000654b      0x445 Core/app/event/btn.o
 .debug_line    0x0000000000006990      0x46b Core/app/event/enc.o
 .debug_line    0x0000000000006dfb      0x487 Core/app/event/event.o
 .debug_line    0x0000000000007282      0x480 Core/app/event/vol.o
 .debug_line    0x0000000000007702      0x947 Core/app/glcd/ST7565R.o
 .debug_line    0x0000000000008049      0x6d7 Core/app/glcd/glcd.o
 .debug_line    0x0000000000008720      0x843 Core/app/glcd/glcd_graphics.o
 .debug_line    0x0000000000008f63      0x775 Core/app/glcd/glcd_graphs.o
 .debug_line    0x00000000000096d8      0x6f2 Core/app/glcd/glcd_text.o
 .debug_line    0x0000000000009dca      0x5f6 Core/app/glcd/fonts/fonts.o
 .debug_line    0x000000000000a3c0      0x548 Drivers/STM32F0xx_HAL_Driver/Src/stm32f0xx_hal.o
 .debug_line    0x000000000000a908      0x919 Drivers/STM32F0xx_HAL_Driver/Src/stm32f0xx_hal_adc.o
 .debug_line    0x000000000000b221      0x4ea Drivers/STM32F0xx_HAL_Driver/Src/stm32f0xx_hal_cortex.o
 .debug_line    0x000000000000b70b      0x659 Drivers/STM32F0xx_HAL_Driver/Src/stm32f0xx_hal_dma.o
 .debug_line    0x000000000000bd64      0x4fe Drivers/STM32F0xx_HAL_Driver/Src/stm32f0xx_hal_gpio.o
 .debug_line    0x000000000000c262     0x17bb Drivers/STM32F0xx_HAL_Driver/Src/stm32f0xx_hal_i2c.o
 .debug_line    0x000000000000da1d      0x445 Drivers/STM32F0xx_HAL_Driver/Src/stm32f0xx_hal_i2c_ex.o
 .debug_line    0x000000000000de62      0x3b8 Drivers/STM32F0xx_HAL_Driver/Src/stm32f0xx_hal_iwdg.o
 .debug_line    0x000000000000e21a      0x70d Drivers/STM32F0xx_HAL_Driver/Src/stm32f0xx_hal_rcc.o
 .debug_line    0x000000000000e927      0x48a Drivers/STM32F0xx_HAL_Driver/Src/stm32f0xx_hal_rcc_ex.o
 .debug_line    0x000000000000edb1     0x13f1 Drivers/STM32F0xx_HAL_Driver/Src/stm32f0xx_hal_tim.o
 .debug_line    0x00000000000101a2      0x887 Drivers/STM32F0xx_HAL_Driver/Src/stm32f0xx_hal_tim_ex.o

.debug_str      0x0000000000000000     0x4e8c
 .debug_str     0x0000000000000000      0xa34 Core/Src/adc.o
                                        0xb13 (size before relaxing)
 .debug_str     0x0000000000000a34      0x192 Core/Src/dma.o
                                        0x7b2 (size before relaxing)
 .debug_str     0x0000000000000bc6       0x4e Core/Src/gpio.o
                                        0x715 (size before relaxing)
 .debug_str     0x0000000000000c14      0x32f Core/Src/i2c.o
                                        0xc23 (size before relaxing)
 .debug_str     0x0000000000000f43       0x78 Core/Src/iwdg.o
                                        0x68a (size before relaxing)
 .debug_str     0x0000000000000fbb      0x867 Core/Src/main.o
                                       0x1656 (size before relaxing)
 .debug_str     0x0000000000001822       0x2c Core/Src/stm32f0xx_hal_msp.o
                                        0x64c (size before relaxing)
 .debug_str     0x000000000000184e       0xc0 Core/Src/stm32f0xx_it.o
                                        0xa48 (size before relaxing)
 .debug_str     0x000000000000190e      0x261 Core/Src/syscalls.o
                                        0x845 (size before relaxing)
 .debug_str     0x0000000000001b6f       0x5f Core/Src/system_stm32f0xx.o
                                        0x66e (size before relaxing)
 .debug_str     0x0000000000001bce      0x2a6 Core/Src/tim.o
                                        0xf15 (size before relaxing)
 .debug_str     0x0000000000001e74       0xaa Core/app/app.o
                                       0x103b (size before relaxing)
 .debug_str     0x0000000000001f1e      0x3cf Core/app/fsm_funcs.o
                                       0x168a (size before relaxing)
 .debug_str     0x00000000000022ed       0x83 Core/app/aux/eep.o
                                        0xb4b (size before relaxing)
 .debug_str     0x0000000000002370       0x4f Core/app/aux/eep_helper.o
                                       0x129e (size before relaxing)
 .debug_str     0x00000000000023bf       0x34 Core/app/aux/hc595.o
                                        0x684 (size before relaxing)
 .debug_str     0x00000000000023f3       0x33 Core/app/effect/efx.o
                                       0x11fc (size before relaxing)
 .debug_str     0x0000000000002426       0x3f Core/app/effect/efx_base.o
                                        0x7b9 (size before relaxing)
 .debug_str     0x0000000000002465       0xf8 Core/app/event/btn.o
                                        0x74d (size before relaxing)
 .debug_str     0x000000000000255d       0x53 Core/app/event/enc.o
                                        0x9f0 (size before relaxing)
 .debug_str     0x00000000000025b0       0x3a Core/app/event/event.o
                                        0xacc (size before relaxing)
 .debug_str     0x00000000000025ea       0x2a Core/app/event/vol.o
                                        0x9c0 (size before relaxing)
 .debug_str     0x0000000000002614      0x17e Core/app/glcd/ST7565R.o
                                        0xb20 (size before relaxing)
 .debug_str     0x0000000000002792       0x8a Core/app/glcd/glcd.o
                                        0x9da (size before relaxing)
 .debug_str     0x000000000000281c       0xeb Core/app/glcd/glcd_graphics.o
                                        0xa4e (size before relaxing)
 .debug_str     0x0000000000002907       0xdf Core/app/glcd/glcd_graphs.o
                                        0xa6b (size before relaxing)
 .debug_str     0x00000000000029e6       0xa0 Core/app/glcd/glcd_text.o
                                        0x9f1 (size before relaxing)
 .debug_str     0x0000000000002a86       0xa3 Core/app/glcd/fonts/fonts.o
                                        0x97a (size before relaxing)
 .debug_str     0x0000000000002b29      0x1cb Drivers/STM32F0xx_HAL_Driver/Src/stm32f0xx_hal.o
                                        0x9e1 (size before relaxing)
 .debug_str     0x0000000000002cf4      0x2dd Drivers/STM32F0xx_HAL_Driver/Src/stm32f0xx_hal_adc.o
                                        0xce9 (size before relaxing)
 .debug_str     0x0000000000002fd1      0x1a9 Drivers/STM32F0xx_HAL_Driver/Src/stm32f0xx_hal_cortex.o
                                        0x9e9 (size before relaxing)
 .debug_str     0x000000000000317a      0x204 Drivers/STM32F0xx_HAL_Driver/Src/stm32f0xx_hal_dma.o
                                        0xa52 (size before relaxing)
 .debug_str     0x000000000000337e       0xec Drivers/STM32F0xx_HAL_Driver/Src/stm32f0xx_hal_gpio.o
                                        0x843 (size before relaxing)
 .debug_str     0x000000000000346a      0x751 Drivers/STM32F0xx_HAL_Driver/Src/stm32f0xx_hal_i2c.o
                                       0x12a6 (size before relaxing)
 .debug_str     0x0000000000003bbb       0x89 Drivers/STM32F0xx_HAL_Driver/Src/stm32f0xx_hal_i2c_ex.o
                                        0xbdd (size before relaxing)
 .debug_str     0x0000000000003c44       0x39 Drivers/STM32F0xx_HAL_Driver/Src/stm32f0xx_hal_iwdg.o
                                        0x6ca (size before relaxing)
 .debug_str     0x0000000000003c7d      0x195 Drivers/STM32F0xx_HAL_Driver/Src/stm32f0xx_hal_rcc.o
                                        0xa34 (size before relaxing)
 .debug_str     0x0000000000003e12       0x97 Drivers/STM32F0xx_HAL_Driver/Src/stm32f0xx_hal_rcc_ex.o
                                        0x7e3 (size before relaxing)
 .debug_str     0x0000000000003ea9      0xb46 Drivers/STM32F0xx_HAL_Driver/Src/stm32f0xx_hal_tim.o
                                       0x17be (size before relaxing)
 .debug_str     0x00000000000049ef      0x49d Drivers/STM32F0xx_HAL_Driver/Src/stm32f0xx_hal_tim_ex.o
                                       0x1030 (size before relaxing)

.comment        0x0000000000000000       0x7f
 .comment       0x0000000000000000       0x7f Core/Src/adc.o
                                         0x80 (size before relaxing)
 .comment       0x000000000000007f       0x80 Core/Src/dma.o
 .comment       0x000000000000007f       0x80 Core/Src/gpio.o
 .comment       0x000000000000007f       0x80 Core/Src/i2c.o
 .comment       0x000000000000007f       0x80 Core/Src/iwdg.o
 .comment       0x000000000000007f       0x80 Core/Src/main.o
 .comment       0x000000000000007f       0x80 Core/Src/stm32f0xx_hal_msp.o
 .comment       0x000000000000007f       0x80 Core/Src/stm32f0xx_it.o
 .comment       0x000000000000007f       0x80 Core/Src/syscalls.o
 .comment       0x000000000000007f       0x80 Core/Src/system_stm32f0xx.o
 .comment       0x000000000000007f       0x80 Core/Src/tim.o
 .comment       0x000000000000007f       0x80 Core/app/app.o
 .comment       0x000000000000007f       0x80 Core/app/fsm_funcs.o
 .comment       0x000000000000007f       0x80 Core/app/aux/eep.o
 .comment       0x000000000000007f       0x80 Core/app/aux/eep_helper.o
 .comment       0x000000000000007f       0x80 Core/app/aux/hc595.o
 .comment       0x000000000000007f       0x80 Core/app/effect/efx.o
 .comment       0x000000000000007f       0x80 Core/app/effect/efx_base.o
 .comment       0x000000000000007f       0x80 Core/app/event/btn.o
 .comment       0x000000000000007f       0x80 Core/app/event/enc.o
 .comment       0x000000000000007f       0x80 Core/app/event/event.o
 .comment       0x000000000000007f       0x80 Core/app/event/vol.o
 .comment       0x000000000000007f       0x80 Core/app/glcd/ST7565R.o
 .comment       0x000000000000007f       0x80 Core/app/glcd/glcd.o
 .comment       0x000000000000007f       0x80 Core/app/glcd/glcd_graphics.o
 .comment       0x000000000000007f       0x80 Core/app/glcd/glcd_graphs.o
 .comment       0x000000000000007f       0x80 Core/app/glcd/glcd_text.o
 .comment       0x000000000000007f       0x80 Core/app/glcd/fonts/fonts.o
 .comment       0x000000000000007f       0x80 Drivers/STM32F0xx_HAL_Driver/Src/stm32f0xx_hal.o
 .comment       0x000000000000007f       0x80 Drivers/STM32F0xx_HAL_Driver/Src/stm32f0xx_hal_adc.o
 .comment       0x000000000000007f       0x80 Drivers/STM32F0xx_HAL_Driver/Src/stm32f0xx_hal_cortex.o
 .comment       0x000000000000007f       0x80 Drivers/STM32F0xx_HAL_Driver/Src/stm32f0xx_hal_dma.o
 .comment       0x000000000000007f       0x80 Drivers/STM32F0xx_HAL_Driver/Src/stm32f0xx_hal_gpio.o
 .comment       0x000000000000007f       0x80 Drivers/STM32F0xx_HAL_Driver/Src/stm32f0xx_hal_i2c.o
 .comment       0x000000000000007f       0x80 Drivers/STM32F0xx_HAL_Driver/Src/stm32f0xx_hal_i2c_ex.o
 .comment       0x000000000000007f       0x80 Drivers/STM32F0xx_HAL_Driver/Src/stm32f0xx_hal_iwdg.o
 .comment       0x000000000000007f       0x80 Drivers/STM32F0xx_HAL_Driver/Src/stm32f0xx_hal_rcc.o